---
http_interactions:
- request:
    method: post
    uri: http://11.22.33.44:5000/v2.0/tokens
    body:
      encoding: UTF-8
      string: '{"auth":{"passwordCredentials":{"username":"admin","password":"password_2WpEraURh"},"tenantName":"admin"}}'
    headers:
      User-Agent:
      - fog-core/1.45.0
      Content-Type:
      - application/json
  response:
    status:
      code: 200
      message: OK
    headers:
      Date:
      - Tue, 27 Mar 2018 18:43:58 GMT
      Server:
      - Apache/2.4.6 (Red Hat Enterprise Linux)
      Vary:
      - X-Auth-Token,Accept-Encoding
      X-Openstack-Request-Id:
      - req-7aa62ae8-0d5d-48df-a8a6-0122153a8436
      Content-Length:
      - '4170'
      Connection:
      - close
      Content-Type:
      - application/json
    body:
      encoding: ASCII-8BIT
      string: '{"access": {"token": {"issued_at": "2018-03-27T18:43:58.318928", "expires":
        "2018-03-27T19:43:58Z", "id": "3835fbf89ead455da9b565fce29b9dcd", "tenant":
        {"description": "admin tenant", "enabled": true, "id": "e54e5c3c19e34720b05661f2ea1ea00a",
        "name": "admin"}, "audit_ids": ["fIfr1Z-1QLCxhptJbUXqtg"]}, "serviceCatalog":
        [{"endpoints": [{"adminURL": "http://10.8.99.233:8774/v2/e54e5c3c19e34720b05661f2ea1ea00a",
        "region": "RegionOne", "internalURL": "http://10.8.99.233:8774/v2/e54e5c3c19e34720b05661f2ea1ea00a",
        "id": "33f58c6950134a2381bb3668fae5a325", "publicURL": "http://10.8.99.233:8774/v2/e54e5c3c19e34720b05661f2ea1ea00a"}],
        "endpoints_links": [], "type": "compute", "name": "nova"}, {"endpoints": [{"adminURL":
        "http://10.8.99.233:9696", "region": "RegionOne", "internalURL": "http://10.8.99.233:9696",
        "id": "5b097055aff24a40aa4cd2d7317c9108", "publicURL": "http://10.8.99.233:9696"}],
        "endpoints_links": [], "type": "network", "name": "neutron"}, {"endpoints":
        [{"adminURL": "http://10.8.99.233:8776/v2/e54e5c3c19e34720b05661f2ea1ea00a",
        "region": "RegionOne", "internalURL": "http://10.8.99.233:8776/v2/e54e5c3c19e34720b05661f2ea1ea00a",
        "id": "13c4208d548d4bcdaedfe8296b6559ee", "publicURL": "http://10.8.99.233:8776/v2/e54e5c3c19e34720b05661f2ea1ea00a"}],
        "endpoints_links": [], "type": "volumev2", "name": "cinderv2"}, {"endpoints":
        [{"adminURL": "http://127.0.0.1:8774/v3", "region": "RegionOne", "internalURL":
        "http://127.0.0.1:8774/v3", "id": "3874f107e1a0461596883a12743dbcc0", "publicURL":
        "http://127.0.0.1:8774/v3"}], "endpoints_links": [], "type": "computev3",
        "name": "novav3"}, {"endpoints": [{"adminURL": "http://10.8.99.233:9292",
        "region": "RegionOne", "internalURL": "http://10.8.99.233:9292", "id": "75fcb24891654062ae1703e6b92f6018",
        "publicURL": "http://10.8.99.233:9292"}], "endpoints_links": [], "type": "image",
        "name": "glance"}, {"endpoints": [{"adminURL": "http://10.8.99.233:8777",
        "region": "RegionOne", "internalURL": "http://10.8.99.233:8777", "id": "2c972a2880d1453aad86104dcda88a55",
        "publicURL": "http://10.8.99.233:8777"}], "endpoints_links": [], "type": "metering",
        "name": "ceilometer"}, {"endpoints": [{"adminURL": "http://10.8.99.233:8776/v1/e54e5c3c19e34720b05661f2ea1ea00a",
        "region": "RegionOne", "internalURL": "http://10.8.99.233:8776/v1/e54e5c3c19e34720b05661f2ea1ea00a",
        "id": "410c753013fb430c9998f22f68c4cb18", "publicURL": "http://10.8.99.233:8776/v1/e54e5c3c19e34720b05661f2ea1ea00a"}],
        "endpoints_links": [], "type": "volume", "name": "cinder"}, {"endpoints":
        [{"adminURL": "http://10.8.99.233:8773/services/Admin", "region": "RegionOne",
        "internalURL": "http://10.8.99.233:8773/services/Cloud", "id": "2833b001aa814ddf9216479d379cdac1",
        "publicURL": "http://10.8.99.233:8773/services/Cloud"}], "endpoints_links":
        [], "type": "ec2", "name": "nova_ec2"}, {"endpoints": [{"adminURL": "http://10.8.99.233:8004/v1/e54e5c3c19e34720b05661f2ea1ea00a",
        "region": "RegionOne", "internalURL": "http://10.8.99.233:8004/v1/e54e5c3c19e34720b05661f2ea1ea00a",
        "id": "a29a931a5667478c8b3724506a286144", "publicURL": "http://10.8.99.233:8004/v1/e54e5c3c19e34720b05661f2ea1ea00a"}],
        "endpoints_links": [], "type": "orchestration", "name": "heat"}, {"endpoints":
        [{"adminURL": "http://10.8.99.233:8080", "region": "RegionOne", "internalURL":
        "http://10.8.99.233:8080/v1/AUTH_e54e5c3c19e34720b05661f2ea1ea00a", "id":
        "7a2262abf515414ea08b3beedc87e51e", "publicURL": "http://10.8.99.233:8080/v1/AUTH_e54e5c3c19e34720b05661f2ea1ea00a"}],
        "endpoints_links": [], "type": "object-store", "name": "swift"}, {"endpoints":
        [{"adminURL": "http://10.8.99.233:35357/v2.0", "region": "RegionOne", "internalURL":
        "http://10.8.99.233:5000/v2.0", "id": "5d1b7edf24e14ce29abaeee69e84e529",
        "publicURL": "http://10.8.99.233:5000/v2.0"}], "endpoints_links": [], "type":
        "identity", "name": "keystone"}], "user": {"username": "admin", "roles_links":
        [], "id": "80ea157498b44d08aa6d6f54b8a7c3e7", "roles": [{"name": "admin"},
        {"name": "_member_"}, {"name": "heat_stack_owner"}], "name": "admin"}, "metadata":
        {"is_admin": 0, "roles": ["bafabff3f3174e6ab41388bde984e1e5", "9fe2ff9ee4384b1894a90878d3e92bab",
        "725d26e4ae494cc689c60f857e347267"]}}}'
    http_version: 
  recorded_at: Tue, 27 Mar 2018 18:43:58 GMT
- request:
    method: get
    uri: http://10.8.99.233:8774/
    body:
      encoding: US-ASCII
      string: ''
    headers:
      User-Agent:
      - fog-core/1.45.0
      Content-Type:
      - application/json
      Accept:
      - application/json
      X-Auth-Token:
      - 3835fbf89ead455da9b565fce29b9dcd
  response:
    status:
      code: 200
      message: OK
    headers:
      Content-Type:
      - application/json
      Content-Length:
      - '371'
      Date:
      - Tue, 27 Mar 2018 18:43:58 GMT
    body:
      encoding: ASCII-8BIT
      string: '{"versions": [{"status": "SUPPORTED", "updated": "2011-01-21T11:33:21Z",
        "links": [{"href": "http://10.8.99.233:8774/v2/", "rel": "self"}], "min_version":
        "", "version": "", "id": "v2.0"}, {"status": "CURRENT", "updated": "2013-07-23T11:33:21Z",
        "links": [{"href": "http://10.8.99.233:8774/v2.1/", "rel": "self"}], "min_version":
        "2.1", "version": "2.12", "id": "v2.1"}]}'
    http_version: 
  recorded_at: Tue, 27 Mar 2018 18:43:58 GMT
- request:
    method: post
    uri: http://11.22.33.44:5000/v2.0/tokens
    body:
      encoding: UTF-8
      string: '{"auth":{"passwordCredentials":{"username":"admin","password":"password_2WpEraURh"},"tenantName":"admin"}}'
    headers:
      User-Agent:
      - fog-core/1.45.0
      Content-Type:
      - application/json
  response:
    status:
      code: 200
      message: OK
    headers:
      Date:
      - Tue, 27 Mar 2018 18:43:58 GMT
      Server:
      - Apache/2.4.6 (Red Hat Enterprise Linux)
      Vary:
      - X-Auth-Token,Accept-Encoding
      X-Openstack-Request-Id:
      - req-ddf9b521-51b2-445c-9058-5f6bd13ece07
      Content-Length:
      - '4170'
      Connection:
      - close
      Content-Type:
      - application/json
    body:
      encoding: ASCII-8BIT
      string: '{"access": {"token": {"issued_at": "2018-03-27T18:43:58.996611", "expires":
        "2018-03-27T19:43:58Z", "id": "66a745fa52634b378e6043c3a478f094", "tenant":
        {"description": "admin tenant", "enabled": true, "id": "e54e5c3c19e34720b05661f2ea1ea00a",
        "name": "admin"}, "audit_ids": ["kIXH-n1AR5maIxODM6A5ng"]}, "serviceCatalog":
        [{"endpoints": [{"adminURL": "http://10.8.99.233:8774/v2/e54e5c3c19e34720b05661f2ea1ea00a",
        "region": "RegionOne", "internalURL": "http://10.8.99.233:8774/v2/e54e5c3c19e34720b05661f2ea1ea00a",
        "id": "33f58c6950134a2381bb3668fae5a325", "publicURL": "http://10.8.99.233:8774/v2/e54e5c3c19e34720b05661f2ea1ea00a"}],
        "endpoints_links": [], "type": "compute", "name": "nova"}, {"endpoints": [{"adminURL":
        "http://10.8.99.233:9696", "region": "RegionOne", "internalURL": "http://10.8.99.233:9696",
        "id": "5b097055aff24a40aa4cd2d7317c9108", "publicURL": "http://10.8.99.233:9696"}],
        "endpoints_links": [], "type": "network", "name": "neutron"}, {"endpoints":
        [{"adminURL": "http://10.8.99.233:8776/v2/e54e5c3c19e34720b05661f2ea1ea00a",
        "region": "RegionOne", "internalURL": "http://10.8.99.233:8776/v2/e54e5c3c19e34720b05661f2ea1ea00a",
        "id": "13c4208d548d4bcdaedfe8296b6559ee", "publicURL": "http://10.8.99.233:8776/v2/e54e5c3c19e34720b05661f2ea1ea00a"}],
        "endpoints_links": [], "type": "volumev2", "name": "cinderv2"}, {"endpoints":
        [{"adminURL": "http://127.0.0.1:8774/v3", "region": "RegionOne", "internalURL":
        "http://127.0.0.1:8774/v3", "id": "3874f107e1a0461596883a12743dbcc0", "publicURL":
        "http://127.0.0.1:8774/v3"}], "endpoints_links": [], "type": "computev3",
        "name": "novav3"}, {"endpoints": [{"adminURL": "http://10.8.99.233:9292",
        "region": "RegionOne", "internalURL": "http://10.8.99.233:9292", "id": "75fcb24891654062ae1703e6b92f6018",
        "publicURL": "http://10.8.99.233:9292"}], "endpoints_links": [], "type": "image",
        "name": "glance"}, {"endpoints": [{"adminURL": "http://10.8.99.233:8777",
        "region": "RegionOne", "internalURL": "http://10.8.99.233:8777", "id": "2c972a2880d1453aad86104dcda88a55",
        "publicURL": "http://10.8.99.233:8777"}], "endpoints_links": [], "type": "metering",
        "name": "ceilometer"}, {"endpoints": [{"adminURL": "http://10.8.99.233:8776/v1/e54e5c3c19e34720b05661f2ea1ea00a",
        "region": "RegionOne", "internalURL": "http://10.8.99.233:8776/v1/e54e5c3c19e34720b05661f2ea1ea00a",
        "id": "410c753013fb430c9998f22f68c4cb18", "publicURL": "http://10.8.99.233:8776/v1/e54e5c3c19e34720b05661f2ea1ea00a"}],
        "endpoints_links": [], "type": "volume", "name": "cinder"}, {"endpoints":
        [{"adminURL": "http://10.8.99.233:8773/services/Admin", "region": "RegionOne",
        "internalURL": "http://10.8.99.233:8773/services/Cloud", "id": "2833b001aa814ddf9216479d379cdac1",
        "publicURL": "http://10.8.99.233:8773/services/Cloud"}], "endpoints_links":
        [], "type": "ec2", "name": "nova_ec2"}, {"endpoints": [{"adminURL": "http://10.8.99.233:8004/v1/e54e5c3c19e34720b05661f2ea1ea00a",
        "region": "RegionOne", "internalURL": "http://10.8.99.233:8004/v1/e54e5c3c19e34720b05661f2ea1ea00a",
        "id": "a29a931a5667478c8b3724506a286144", "publicURL": "http://10.8.99.233:8004/v1/e54e5c3c19e34720b05661f2ea1ea00a"}],
        "endpoints_links": [], "type": "orchestration", "name": "heat"}, {"endpoints":
        [{"adminURL": "http://10.8.99.233:8080", "region": "RegionOne", "internalURL":
        "http://10.8.99.233:8080/v1/AUTH_e54e5c3c19e34720b05661f2ea1ea00a", "id":
        "7a2262abf515414ea08b3beedc87e51e", "publicURL": "http://10.8.99.233:8080/v1/AUTH_e54e5c3c19e34720b05661f2ea1ea00a"}],
        "endpoints_links": [], "type": "object-store", "name": "swift"}, {"endpoints":
        [{"adminURL": "http://10.8.99.233:35357/v2.0", "region": "RegionOne", "internalURL":
        "http://10.8.99.233:5000/v2.0", "id": "5d1b7edf24e14ce29abaeee69e84e529",
        "publicURL": "http://10.8.99.233:5000/v2.0"}], "endpoints_links": [], "type":
        "identity", "name": "keystone"}], "user": {"username": "admin", "roles_links":
        [], "id": "80ea157498b44d08aa6d6f54b8a7c3e7", "roles": [{"name": "admin"},
        {"name": "_member_"}, {"name": "heat_stack_owner"}], "name": "admin"}, "metadata":
        {"is_admin": 0, "roles": ["bafabff3f3174e6ab41388bde984e1e5", "9fe2ff9ee4384b1894a90878d3e92bab",
        "725d26e4ae494cc689c60f857e347267"]}}}'
    http_version: 
  recorded_at: Tue, 27 Mar 2018 18:43:59 GMT
- request:
    method: get
    uri: http://11.22.33.44:5000/v2.0/tenants
    body:
      encoding: US-ASCII
      string: ''
    headers:
      User-Agent:
      - fog-core/1.45.0
      Content-Type:
      - application/json
      Accept:
      - application/json
      X-Auth-Token:
      - 66a745fa52634b378e6043c3a478f094
  response:
    status:
      code: 200
      message: OK
    headers:
      Date:
      - Tue, 27 Mar 2018 18:43:59 GMT
      Server:
      - Apache/2.4.6 (Red Hat Enterprise Linux)
      Vary:
      - X-Auth-Token,Accept-Encoding
      X-Openstack-Request-Id:
      - req-fcc506c6-c1a5-46a9-a146-1e2a2bd7b344
      Content-Length:
      - '500'
      Connection:
      - close
      Content-Type:
      - application/json
    body:
      encoding: ASCII-8BIT
      string: '{"tenants_links": [], "tenants": [{"description": "", "enabled": true,
        "id": "69f8f7205ade4aa59084c32c83e60b5a", "name": "EmsRefreshSpec-Project"},
        {"description": "", "enabled": true, "id": "b458a5c25c3749758f4c0661940b3ba8",
        "name": "EmsRefreshSpec-Project-No-Admin-Role"}, {"description": "admin tenant",
        "enabled": true, "id": "e54e5c3c19e34720b05661f2ea1ea00a", "name": "admin"},
        {"description": "", "enabled": true, "id": "e8f744b1fc6a487681d35fb275252608",
        "name": "EmsRefreshSpec-Project2"}]}'
    http_version: 
  recorded_at: Tue, 27 Mar 2018 18:43:59 GMT
- request:
    method: post
    uri: http://11.22.33.44:5000/v2.0/tokens
    body:
      encoding: UTF-8
      string: '{"auth":{"passwordCredentials":{"username":"admin","password":"password_2WpEraURh"},"tenantName":"admin"}}'
    headers:
      User-Agent:
      - fog-core/1.45.0
      Content-Type:
      - application/json
  response:
    status:
      code: 200
      message: OK
    headers:
      Date:
      - Tue, 27 Mar 2018 18:43:59 GMT
      Server:
      - Apache/2.4.6 (Red Hat Enterprise Linux)
      Vary:
      - X-Auth-Token,Accept-Encoding
      X-Openstack-Request-Id:
      - req-f25c0461-572f-450f-916f-43456e84bdae
      Content-Length:
      - '4170'
      Connection:
      - close
      Content-Type:
      - application/json
    body:
      encoding: ASCII-8BIT
      string: '{"access": {"token": {"issued_at": "2018-03-27T18:43:59.784782", "expires":
        "2018-03-27T19:43:59Z", "id": "9ff1ed61cfdd442eb07202ee586a0808", "tenant":
        {"description": "admin tenant", "enabled": true, "id": "e54e5c3c19e34720b05661f2ea1ea00a",
        "name": "admin"}, "audit_ids": ["RveahFecQ2eSlCuplXSHYA"]}, "serviceCatalog":
        [{"endpoints": [{"adminURL": "http://10.8.99.233:8774/v2/e54e5c3c19e34720b05661f2ea1ea00a",
        "region": "RegionOne", "internalURL": "http://10.8.99.233:8774/v2/e54e5c3c19e34720b05661f2ea1ea00a",
        "id": "33f58c6950134a2381bb3668fae5a325", "publicURL": "http://10.8.99.233:8774/v2/e54e5c3c19e34720b05661f2ea1ea00a"}],
        "endpoints_links": [], "type": "compute", "name": "nova"}, {"endpoints": [{"adminURL":
        "http://10.8.99.233:9696", "region": "RegionOne", "internalURL": "http://10.8.99.233:9696",
        "id": "5b097055aff24a40aa4cd2d7317c9108", "publicURL": "http://10.8.99.233:9696"}],
        "endpoints_links": [], "type": "network", "name": "neutron"}, {"endpoints":
        [{"adminURL": "http://10.8.99.233:8776/v2/e54e5c3c19e34720b05661f2ea1ea00a",
        "region": "RegionOne", "internalURL": "http://10.8.99.233:8776/v2/e54e5c3c19e34720b05661f2ea1ea00a",
        "id": "13c4208d548d4bcdaedfe8296b6559ee", "publicURL": "http://10.8.99.233:8776/v2/e54e5c3c19e34720b05661f2ea1ea00a"}],
        "endpoints_links": [], "type": "volumev2", "name": "cinderv2"}, {"endpoints":
        [{"adminURL": "http://127.0.0.1:8774/v3", "region": "RegionOne", "internalURL":
        "http://127.0.0.1:8774/v3", "id": "3874f107e1a0461596883a12743dbcc0", "publicURL":
        "http://127.0.0.1:8774/v3"}], "endpoints_links": [], "type": "computev3",
        "name": "novav3"}, {"endpoints": [{"adminURL": "http://10.8.99.233:9292",
        "region": "RegionOne", "internalURL": "http://10.8.99.233:9292", "id": "75fcb24891654062ae1703e6b92f6018",
        "publicURL": "http://10.8.99.233:9292"}], "endpoints_links": [], "type": "image",
        "name": "glance"}, {"endpoints": [{"adminURL": "http://10.8.99.233:8777",
        "region": "RegionOne", "internalURL": "http://10.8.99.233:8777", "id": "2c972a2880d1453aad86104dcda88a55",
        "publicURL": "http://10.8.99.233:8777"}], "endpoints_links": [], "type": "metering",
        "name": "ceilometer"}, {"endpoints": [{"adminURL": "http://10.8.99.233:8776/v1/e54e5c3c19e34720b05661f2ea1ea00a",
        "region": "RegionOne", "internalURL": "http://10.8.99.233:8776/v1/e54e5c3c19e34720b05661f2ea1ea00a",
        "id": "410c753013fb430c9998f22f68c4cb18", "publicURL": "http://10.8.99.233:8776/v1/e54e5c3c19e34720b05661f2ea1ea00a"}],
        "endpoints_links": [], "type": "volume", "name": "cinder"}, {"endpoints":
        [{"adminURL": "http://10.8.99.233:8773/services/Admin", "region": "RegionOne",
        "internalURL": "http://10.8.99.233:8773/services/Cloud", "id": "2833b001aa814ddf9216479d379cdac1",
        "publicURL": "http://10.8.99.233:8773/services/Cloud"}], "endpoints_links":
        [], "type": "ec2", "name": "nova_ec2"}, {"endpoints": [{"adminURL": "http://10.8.99.233:8004/v1/e54e5c3c19e34720b05661f2ea1ea00a",
        "region": "RegionOne", "internalURL": "http://10.8.99.233:8004/v1/e54e5c3c19e34720b05661f2ea1ea00a",
        "id": "a29a931a5667478c8b3724506a286144", "publicURL": "http://10.8.99.233:8004/v1/e54e5c3c19e34720b05661f2ea1ea00a"}],
        "endpoints_links": [], "type": "orchestration", "name": "heat"}, {"endpoints":
        [{"adminURL": "http://10.8.99.233:8080", "region": "RegionOne", "internalURL":
        "http://10.8.99.233:8080/v1/AUTH_e54e5c3c19e34720b05661f2ea1ea00a", "id":
        "7a2262abf515414ea08b3beedc87e51e", "publicURL": "http://10.8.99.233:8080/v1/AUTH_e54e5c3c19e34720b05661f2ea1ea00a"}],
        "endpoints_links": [], "type": "object-store", "name": "swift"}, {"endpoints":
        [{"adminURL": "http://10.8.99.233:35357/v2.0", "region": "RegionOne", "internalURL":
        "http://10.8.99.233:5000/v2.0", "id": "5d1b7edf24e14ce29abaeee69e84e529",
        "publicURL": "http://10.8.99.233:5000/v2.0"}], "endpoints_links": [], "type":
        "identity", "name": "keystone"}], "user": {"username": "admin", "roles_links":
        [], "id": "80ea157498b44d08aa6d6f54b8a7c3e7", "roles": [{"name": "admin"},
        {"name": "_member_"}, {"name": "heat_stack_owner"}], "name": "admin"}, "metadata":
        {"is_admin": 0, "roles": ["bafabff3f3174e6ab41388bde984e1e5", "9fe2ff9ee4384b1894a90878d3e92bab",
        "725d26e4ae494cc689c60f857e347267"]}}}'
    http_version: 
  recorded_at: Tue, 27 Mar 2018 18:43:59 GMT
- request:
    method: get
    uri: http://10.8.99.233:9696/
    body:
      encoding: US-ASCII
      string: ''
    headers:
      User-Agent:
      - fog-core/1.45.0
      Content-Type:
      - application/json
      Accept:
      - application/json
      X-Auth-Token:
      - 9ff1ed61cfdd442eb07202ee586a0808
  response:
    status:
      code: 200
      message: OK
    headers:
      Content-Type:
      - application/json; charset=UTF-8
      Content-Length:
      - '119'
      Date:
      - Tue, 27 Mar 2018 18:44:00 GMT
    body:
      encoding: ASCII-8BIT
      string: '{"versions": [{"status": "CURRENT", "id": "v2.0", "links": [{"href":
        "http://10.8.99.233:9696/v2.0", "rel": "self"}]}]}'
    http_version: 
  recorded_at: Tue, 27 Mar 2018 18:44:00 GMT
- request:
    method: get
    uri: http://11.22.33.44:5000/v2.0/tenants
    body:
      encoding: US-ASCII
      string: ''
    headers:
      User-Agent:
      - fog-core/1.45.0
      Content-Type:
      - application/json
      Accept:
      - application/json
      X-Auth-Token:
      - 66a745fa52634b378e6043c3a478f094
  response:
    status:
      code: 200
      message: OK
    headers:
      Date:
      - Tue, 27 Mar 2018 18:44:00 GMT
      Server:
      - Apache/2.4.6 (Red Hat Enterprise Linux)
      Vary:
      - X-Auth-Token,Accept-Encoding
      X-Openstack-Request-Id:
      - req-9860b2d1-c41b-4b61-98a5-76ea2960f9cb
      Content-Length:
      - '500'
      Connection:
      - close
      Content-Type:
      - application/json
    body:
      encoding: ASCII-8BIT
      string: '{"tenants_links": [], "tenants": [{"description": "", "enabled": true,
        "id": "69f8f7205ade4aa59084c32c83e60b5a", "name": "EmsRefreshSpec-Project"},
        {"description": "", "enabled": true, "id": "b458a5c25c3749758f4c0661940b3ba8",
        "name": "EmsRefreshSpec-Project-No-Admin-Role"}, {"description": "admin tenant",
        "enabled": true, "id": "e54e5c3c19e34720b05661f2ea1ea00a", "name": "admin"},
        {"description": "", "enabled": true, "id": "e8f744b1fc6a487681d35fb275252608",
        "name": "EmsRefreshSpec-Project2"}]}'
    http_version: 
  recorded_at: Tue, 27 Mar 2018 18:44:00 GMT
- request:
    method: post
    uri: http://11.22.33.44:5000/v2.0/tokens
    body:
      encoding: UTF-8
      string: '{"auth":{"passwordCredentials":{"username":"admin","password":"password_2WpEraURh"},"tenantName":"EmsRefreshSpec-Project"}}'
    headers:
      User-Agent:
      - fog-core/1.45.0
      Content-Type:
      - application/json
  response:
    status:
      code: 200
      message: OK
    headers:
      Date:
      - Tue, 27 Mar 2018 18:44:00 GMT
      Server:
      - Apache/2.4.6 (Red Hat Enterprise Linux)
      Vary:
      - X-Auth-Token,Accept-Encoding
      X-Openstack-Request-Id:
      - req-4d8092d8-b6c6-43ab-8091-12f7354c1d5a
      Content-Length:
      - '4117'
      Connection:
      - close
      Content-Type:
      - application/json
    body:
      encoding: ASCII-8BIT
      string: '{"access": {"token": {"issued_at": "2018-03-27T18:44:00.783368", "expires":
        "2018-03-27T19:44:00Z", "id": "a34f390288d74efb838a95afa87e9356", "tenant":
        {"description": "", "enabled": true, "id": "69f8f7205ade4aa59084c32c83e60b5a",
        "name": "EmsRefreshSpec-Project"}, "audit_ids": ["jPEDsdGyQ1S8bgwEKYvixg"]},
        "serviceCatalog": [{"endpoints": [{"adminURL": "http://10.8.99.233:8774/v2/69f8f7205ade4aa59084c32c83e60b5a",
        "region": "RegionOne", "internalURL": "http://10.8.99.233:8774/v2/69f8f7205ade4aa59084c32c83e60b5a",
        "id": "33f58c6950134a2381bb3668fae5a325", "publicURL": "http://10.8.99.233:8774/v2/69f8f7205ade4aa59084c32c83e60b5a"}],
        "endpoints_links": [], "type": "compute", "name": "nova"}, {"endpoints": [{"adminURL":
        "http://10.8.99.233:9696", "region": "RegionOne", "internalURL": "http://10.8.99.233:9696",
        "id": "5b097055aff24a40aa4cd2d7317c9108", "publicURL": "http://10.8.99.233:9696"}],
        "endpoints_links": [], "type": "network", "name": "neutron"}, {"endpoints":
        [{"adminURL": "http://10.8.99.233:8776/v2/69f8f7205ade4aa59084c32c83e60b5a",
        "region": "RegionOne", "internalURL": "http://10.8.99.233:8776/v2/69f8f7205ade4aa59084c32c83e60b5a",
        "id": "13c4208d548d4bcdaedfe8296b6559ee", "publicURL": "http://10.8.99.233:8776/v2/69f8f7205ade4aa59084c32c83e60b5a"}],
        "endpoints_links": [], "type": "volumev2", "name": "cinderv2"}, {"endpoints":
        [{"adminURL": "http://127.0.0.1:8774/v3", "region": "RegionOne", "internalURL":
        "http://127.0.0.1:8774/v3", "id": "3874f107e1a0461596883a12743dbcc0", "publicURL":
        "http://127.0.0.1:8774/v3"}], "endpoints_links": [], "type": "computev3",
        "name": "novav3"}, {"endpoints": [{"adminURL": "http://10.8.99.233:9292",
        "region": "RegionOne", "internalURL": "http://10.8.99.233:9292", "id": "75fcb24891654062ae1703e6b92f6018",
        "publicURL": "http://10.8.99.233:9292"}], "endpoints_links": [], "type": "image",
        "name": "glance"}, {"endpoints": [{"adminURL": "http://10.8.99.233:8777",
        "region": "RegionOne", "internalURL": "http://10.8.99.233:8777", "id": "2c972a2880d1453aad86104dcda88a55",
        "publicURL": "http://10.8.99.233:8777"}], "endpoints_links": [], "type": "metering",
        "name": "ceilometer"}, {"endpoints": [{"adminURL": "http://10.8.99.233:8776/v1/69f8f7205ade4aa59084c32c83e60b5a",
        "region": "RegionOne", "internalURL": "http://10.8.99.233:8776/v1/69f8f7205ade4aa59084c32c83e60b5a",
        "id": "410c753013fb430c9998f22f68c4cb18", "publicURL": "http://10.8.99.233:8776/v1/69f8f7205ade4aa59084c32c83e60b5a"}],
        "endpoints_links": [], "type": "volume", "name": "cinder"}, {"endpoints":
        [{"adminURL": "http://10.8.99.233:8773/services/Admin", "region": "RegionOne",
        "internalURL": "http://10.8.99.233:8773/services/Cloud", "id": "2833b001aa814ddf9216479d379cdac1",
        "publicURL": "http://10.8.99.233:8773/services/Cloud"}], "endpoints_links":
        [], "type": "ec2", "name": "nova_ec2"}, {"endpoints": [{"adminURL": "http://10.8.99.233:8004/v1/69f8f7205ade4aa59084c32c83e60b5a",
        "region": "RegionOne", "internalURL": "http://10.8.99.233:8004/v1/69f8f7205ade4aa59084c32c83e60b5a",
        "id": "a29a931a5667478c8b3724506a286144", "publicURL": "http://10.8.99.233:8004/v1/69f8f7205ade4aa59084c32c83e60b5a"}],
        "endpoints_links": [], "type": "orchestration", "name": "heat"}, {"endpoints":
        [{"adminURL": "http://10.8.99.233:8080", "region": "RegionOne", "internalURL":
        "http://10.8.99.233:8080/v1/AUTH_69f8f7205ade4aa59084c32c83e60b5a", "id":
        "7a2262abf515414ea08b3beedc87e51e", "publicURL": "http://10.8.99.233:8080/v1/AUTH_69f8f7205ade4aa59084c32c83e60b5a"}],
        "endpoints_links": [], "type": "object-store", "name": "swift"}, {"endpoints":
        [{"adminURL": "http://10.8.99.233:35357/v2.0", "region": "RegionOne", "internalURL":
        "http://10.8.99.233:5000/v2.0", "id": "5d1b7edf24e14ce29abaeee69e84e529",
        "publicURL": "http://10.8.99.233:5000/v2.0"}], "endpoints_links": [], "type":
        "identity", "name": "keystone"}], "user": {"username": "admin", "roles_links":
        [], "id": "80ea157498b44d08aa6d6f54b8a7c3e7", "roles": [{"name": "admin"},
        {"name": "heat_stack_owner"}], "name": "admin"}, "metadata": {"is_admin":
        0, "roles": ["bafabff3f3174e6ab41388bde984e1e5", "725d26e4ae494cc689c60f857e347267"]}}}'
    http_version: 
  recorded_at: Tue, 27 Mar 2018 18:44:00 GMT
- request:
    method: get
    uri: http://10.8.99.233:8774/
    body:
      encoding: US-ASCII
      string: ''
    headers:
      User-Agent:
      - fog-core/1.45.0
      Content-Type:
      - application/json
      Accept:
      - application/json
      X-Auth-Token:
      - a34f390288d74efb838a95afa87e9356
  response:
    status:
      code: 200
      message: OK
    headers:
      Content-Type:
      - application/json
      Content-Length:
      - '371'
      Date:
      - Tue, 27 Mar 2018 18:44:01 GMT
    body:
      encoding: ASCII-8BIT
      string: '{"versions": [{"status": "SUPPORTED", "updated": "2011-01-21T11:33:21Z",
        "links": [{"href": "http://10.8.99.233:8774/v2/", "rel": "self"}], "min_version":
        "", "version": "", "id": "v2.0"}, {"status": "CURRENT", "updated": "2013-07-23T11:33:21Z",
        "links": [{"href": "http://10.8.99.233:8774/v2.1/", "rel": "self"}], "min_version":
        "2.1", "version": "2.12", "id": "v2.1"}]}'
    http_version: 
  recorded_at: Tue, 27 Mar 2018 18:44:01 GMT
- request:
    method: post
    uri: http://11.22.33.44:5000/v2.0/tokens
    body:
      encoding: UTF-8
      string: '{"auth":{"passwordCredentials":{"username":"admin","password":"password_2WpEraURh"},"tenantName":"EmsRefreshSpec-Project-No-Admin-Role"}}'
    headers:
      User-Agent:
      - fog-core/1.45.0
      Content-Type:
      - application/json
  response:
    status:
      code: 200
      message: OK
    headers:
      Date:
      - Tue, 27 Mar 2018 18:44:01 GMT
      Server:
      - Apache/2.4.6 (Red Hat Enterprise Linux)
      Vary:
      - X-Auth-Token,Accept-Encoding
      X-Openstack-Request-Id:
      - req-10b96b8f-d514-4272-a797-66dff1e40ac1
      Content-Length:
      - '4131'
      Connection:
      - close
      Content-Type:
      - application/json
    body:
      encoding: ASCII-8BIT
      string: '{"access": {"token": {"issued_at": "2018-03-27T18:44:01.707121", "expires":
        "2018-03-27T19:44:01Z", "id": "c5f12834ed70424d937aa78617e8ba88", "tenant":
        {"description": "", "enabled": true, "id": "b458a5c25c3749758f4c0661940b3ba8",
        "name": "EmsRefreshSpec-Project-No-Admin-Role"}, "audit_ids": ["0jljCxklToGolVm6kl1W-A"]},
        "serviceCatalog": [{"endpoints": [{"adminURL": "http://10.8.99.233:8774/v2/b458a5c25c3749758f4c0661940b3ba8",
        "region": "RegionOne", "internalURL": "http://10.8.99.233:8774/v2/b458a5c25c3749758f4c0661940b3ba8",
        "id": "33f58c6950134a2381bb3668fae5a325", "publicURL": "http://10.8.99.233:8774/v2/b458a5c25c3749758f4c0661940b3ba8"}],
        "endpoints_links": [], "type": "compute", "name": "nova"}, {"endpoints": [{"adminURL":
        "http://10.8.99.233:9696", "region": "RegionOne", "internalURL": "http://10.8.99.233:9696",
        "id": "5b097055aff24a40aa4cd2d7317c9108", "publicURL": "http://10.8.99.233:9696"}],
        "endpoints_links": [], "type": "network", "name": "neutron"}, {"endpoints":
        [{"adminURL": "http://10.8.99.233:8776/v2/b458a5c25c3749758f4c0661940b3ba8",
        "region": "RegionOne", "internalURL": "http://10.8.99.233:8776/v2/b458a5c25c3749758f4c0661940b3ba8",
        "id": "13c4208d548d4bcdaedfe8296b6559ee", "publicURL": "http://10.8.99.233:8776/v2/b458a5c25c3749758f4c0661940b3ba8"}],
        "endpoints_links": [], "type": "volumev2", "name": "cinderv2"}, {"endpoints":
        [{"adminURL": "http://127.0.0.1:8774/v3", "region": "RegionOne", "internalURL":
        "http://127.0.0.1:8774/v3", "id": "3874f107e1a0461596883a12743dbcc0", "publicURL":
        "http://127.0.0.1:8774/v3"}], "endpoints_links": [], "type": "computev3",
        "name": "novav3"}, {"endpoints": [{"adminURL": "http://10.8.99.233:9292",
        "region": "RegionOne", "internalURL": "http://10.8.99.233:9292", "id": "75fcb24891654062ae1703e6b92f6018",
        "publicURL": "http://10.8.99.233:9292"}], "endpoints_links": [], "type": "image",
        "name": "glance"}, {"endpoints": [{"adminURL": "http://10.8.99.233:8777",
        "region": "RegionOne", "internalURL": "http://10.8.99.233:8777", "id": "2c972a2880d1453aad86104dcda88a55",
        "publicURL": "http://10.8.99.233:8777"}], "endpoints_links": [], "type": "metering",
        "name": "ceilometer"}, {"endpoints": [{"adminURL": "http://10.8.99.233:8776/v1/b458a5c25c3749758f4c0661940b3ba8",
        "region": "RegionOne", "internalURL": "http://10.8.99.233:8776/v1/b458a5c25c3749758f4c0661940b3ba8",
        "id": "410c753013fb430c9998f22f68c4cb18", "publicURL": "http://10.8.99.233:8776/v1/b458a5c25c3749758f4c0661940b3ba8"}],
        "endpoints_links": [], "type": "volume", "name": "cinder"}, {"endpoints":
        [{"adminURL": "http://10.8.99.233:8773/services/Admin", "region": "RegionOne",
        "internalURL": "http://10.8.99.233:8773/services/Cloud", "id": "2833b001aa814ddf9216479d379cdac1",
        "publicURL": "http://10.8.99.233:8773/services/Cloud"}], "endpoints_links":
        [], "type": "ec2", "name": "nova_ec2"}, {"endpoints": [{"adminURL": "http://10.8.99.233:8004/v1/b458a5c25c3749758f4c0661940b3ba8",
        "region": "RegionOne", "internalURL": "http://10.8.99.233:8004/v1/b458a5c25c3749758f4c0661940b3ba8",
        "id": "a29a931a5667478c8b3724506a286144", "publicURL": "http://10.8.99.233:8004/v1/b458a5c25c3749758f4c0661940b3ba8"}],
        "endpoints_links": [], "type": "orchestration", "name": "heat"}, {"endpoints":
        [{"adminURL": "http://10.8.99.233:8080", "region": "RegionOne", "internalURL":
        "http://10.8.99.233:8080/v1/AUTH_b458a5c25c3749758f4c0661940b3ba8", "id":
        "7a2262abf515414ea08b3beedc87e51e", "publicURL": "http://10.8.99.233:8080/v1/AUTH_b458a5c25c3749758f4c0661940b3ba8"}],
        "endpoints_links": [], "type": "object-store", "name": "swift"}, {"endpoints":
        [{"adminURL": "http://10.8.99.233:35357/v2.0", "region": "RegionOne", "internalURL":
        "http://10.8.99.233:5000/v2.0", "id": "5d1b7edf24e14ce29abaeee69e84e529",
        "publicURL": "http://10.8.99.233:5000/v2.0"}], "endpoints_links": [], "type":
        "identity", "name": "keystone"}], "user": {"username": "admin", "roles_links":
        [], "id": "80ea157498b44d08aa6d6f54b8a7c3e7", "roles": [{"name": "admin"},
        {"name": "heat_stack_owner"}], "name": "admin"}, "metadata": {"is_admin":
        0, "roles": ["bafabff3f3174e6ab41388bde984e1e5", "725d26e4ae494cc689c60f857e347267"]}}}'
    http_version: 
  recorded_at: Tue, 27 Mar 2018 18:44:01 GMT
- request:
    method: get
    uri: http://10.8.99.233:8774/
    body:
      encoding: US-ASCII
      string: ''
    headers:
      User-Agent:
      - fog-core/1.45.0
      Content-Type:
      - application/json
      Accept:
      - application/json
      X-Auth-Token:
      - c5f12834ed70424d937aa78617e8ba88
  response:
    status:
      code: 200
      message: OK
    headers:
      Content-Type:
      - application/json
      Content-Length:
      - '371'
      Date:
      - Tue, 27 Mar 2018 18:44:01 GMT
    body:
      encoding: ASCII-8BIT
      string: '{"versions": [{"status": "SUPPORTED", "updated": "2011-01-21T11:33:21Z",
        "links": [{"href": "http://10.8.99.233:8774/v2/", "rel": "self"}], "min_version":
        "", "version": "", "id": "v2.0"}, {"status": "CURRENT", "updated": "2013-07-23T11:33:21Z",
        "links": [{"href": "http://10.8.99.233:8774/v2.1/", "rel": "self"}], "min_version":
        "2.1", "version": "2.12", "id": "v2.1"}]}'
    http_version: 
  recorded_at: Tue, 27 Mar 2018 18:44:02 GMT
- request:
    method: post
    uri: http://11.22.33.44:5000/v2.0/tokens
    body:
      encoding: UTF-8
      string: '{"auth":{"passwordCredentials":{"username":"admin","password":"password_2WpEraURh"},"tenantName":"EmsRefreshSpec-Project2"}}'
    headers:
      User-Agent:
      - fog-core/1.45.0
      Content-Type:
      - application/json
  response:
    status:
      code: 200
      message: OK
    headers:
      Date:
      - Tue, 27 Mar 2018 18:44:02 GMT
      Server:
      - Apache/2.4.6 (Red Hat Enterprise Linux)
      Vary:
      - X-Auth-Token,Accept-Encoding
      X-Openstack-Request-Id:
      - req-cab2730f-cf6f-4d6e-8498-a043599a150d
      Content-Length:
      - '4118'
      Connection:
      - close
      Content-Type:
      - application/json
    body:
      encoding: ASCII-8BIT
      string: '{"access": {"token": {"issued_at": "2018-03-27T18:44:02.387387", "expires":
        "2018-03-27T19:44:02Z", "id": "d332623875b54c5a935c8f4fca4478be", "tenant":
        {"description": "", "enabled": true, "id": "e8f744b1fc6a487681d35fb275252608",
        "name": "EmsRefreshSpec-Project2"}, "audit_ids": ["bSrtBJVTSTSHSBp0RseZNQ"]},
        "serviceCatalog": [{"endpoints": [{"adminURL": "http://10.8.99.233:8774/v2/e8f744b1fc6a487681d35fb275252608",
        "region": "RegionOne", "internalURL": "http://10.8.99.233:8774/v2/e8f744b1fc6a487681d35fb275252608",
        "id": "33f58c6950134a2381bb3668fae5a325", "publicURL": "http://10.8.99.233:8774/v2/e8f744b1fc6a487681d35fb275252608"}],
        "endpoints_links": [], "type": "compute", "name": "nova"}, {"endpoints": [{"adminURL":
        "http://10.8.99.233:9696", "region": "RegionOne", "internalURL": "http://10.8.99.233:9696",
        "id": "5b097055aff24a40aa4cd2d7317c9108", "publicURL": "http://10.8.99.233:9696"}],
        "endpoints_links": [], "type": "network", "name": "neutron"}, {"endpoints":
        [{"adminURL": "http://10.8.99.233:8776/v2/e8f744b1fc6a487681d35fb275252608",
        "region": "RegionOne", "internalURL": "http://10.8.99.233:8776/v2/e8f744b1fc6a487681d35fb275252608",
        "id": "13c4208d548d4bcdaedfe8296b6559ee", "publicURL": "http://10.8.99.233:8776/v2/e8f744b1fc6a487681d35fb275252608"}],
        "endpoints_links": [], "type": "volumev2", "name": "cinderv2"}, {"endpoints":
        [{"adminURL": "http://127.0.0.1:8774/v3", "region": "RegionOne", "internalURL":
        "http://127.0.0.1:8774/v3", "id": "3874f107e1a0461596883a12743dbcc0", "publicURL":
        "http://127.0.0.1:8774/v3"}], "endpoints_links": [], "type": "computev3",
        "name": "novav3"}, {"endpoints": [{"adminURL": "http://10.8.99.233:9292",
        "region": "RegionOne", "internalURL": "http://10.8.99.233:9292", "id": "75fcb24891654062ae1703e6b92f6018",
        "publicURL": "http://10.8.99.233:9292"}], "endpoints_links": [], "type": "image",
        "name": "glance"}, {"endpoints": [{"adminURL": "http://10.8.99.233:8777",
        "region": "RegionOne", "internalURL": "http://10.8.99.233:8777", "id": "2c972a2880d1453aad86104dcda88a55",
        "publicURL": "http://10.8.99.233:8777"}], "endpoints_links": [], "type": "metering",
        "name": "ceilometer"}, {"endpoints": [{"adminURL": "http://10.8.99.233:8776/v1/e8f744b1fc6a487681d35fb275252608",
        "region": "RegionOne", "internalURL": "http://10.8.99.233:8776/v1/e8f744b1fc6a487681d35fb275252608",
        "id": "410c753013fb430c9998f22f68c4cb18", "publicURL": "http://10.8.99.233:8776/v1/e8f744b1fc6a487681d35fb275252608"}],
        "endpoints_links": [], "type": "volume", "name": "cinder"}, {"endpoints":
        [{"adminURL": "http://10.8.99.233:8773/services/Admin", "region": "RegionOne",
        "internalURL": "http://10.8.99.233:8773/services/Cloud", "id": "2833b001aa814ddf9216479d379cdac1",
        "publicURL": "http://10.8.99.233:8773/services/Cloud"}], "endpoints_links":
        [], "type": "ec2", "name": "nova_ec2"}, {"endpoints": [{"adminURL": "http://10.8.99.233:8004/v1/e8f744b1fc6a487681d35fb275252608",
        "region": "RegionOne", "internalURL": "http://10.8.99.233:8004/v1/e8f744b1fc6a487681d35fb275252608",
        "id": "a29a931a5667478c8b3724506a286144", "publicURL": "http://10.8.99.233:8004/v1/e8f744b1fc6a487681d35fb275252608"}],
        "endpoints_links": [], "type": "orchestration", "name": "heat"}, {"endpoints":
        [{"adminURL": "http://10.8.99.233:8080", "region": "RegionOne", "internalURL":
        "http://10.8.99.233:8080/v1/AUTH_e8f744b1fc6a487681d35fb275252608", "id":
        "7a2262abf515414ea08b3beedc87e51e", "publicURL": "http://10.8.99.233:8080/v1/AUTH_e8f744b1fc6a487681d35fb275252608"}],
        "endpoints_links": [], "type": "object-store", "name": "swift"}, {"endpoints":
        [{"adminURL": "http://10.8.99.233:35357/v2.0", "region": "RegionOne", "internalURL":
        "http://10.8.99.233:5000/v2.0", "id": "5d1b7edf24e14ce29abaeee69e84e529",
        "publicURL": "http://10.8.99.233:5000/v2.0"}], "endpoints_links": [], "type":
        "identity", "name": "keystone"}], "user": {"username": "admin", "roles_links":
        [], "id": "80ea157498b44d08aa6d6f54b8a7c3e7", "roles": [{"name": "admin"},
        {"name": "heat_stack_owner"}], "name": "admin"}, "metadata": {"is_admin":
        0, "roles": ["bafabff3f3174e6ab41388bde984e1e5", "725d26e4ae494cc689c60f857e347267"]}}}'
    http_version: 
  recorded_at: Tue, 27 Mar 2018 18:44:02 GMT
- request:
    method: get
    uri: http://10.8.99.233:8774/
    body:
      encoding: US-ASCII
      string: ''
    headers:
      User-Agent:
      - fog-core/1.45.0
      Content-Type:
      - application/json
      Accept:
      - application/json
      X-Auth-Token:
      - d332623875b54c5a935c8f4fca4478be
  response:
    status:
      code: 200
      message: OK
    headers:
      Content-Type:
      - application/json
      Content-Length:
      - '371'
      Date:
      - Tue, 27 Mar 2018 18:44:02 GMT
    body:
      encoding: ASCII-8BIT
      string: '{"versions": [{"status": "SUPPORTED", "updated": "2011-01-21T11:33:21Z",
        "links": [{"href": "http://10.8.99.233:8774/v2/", "rel": "self"}], "min_version":
        "", "version": "", "id": "v2.0"}, {"status": "CURRENT", "updated": "2013-07-23T11:33:21Z",
        "links": [{"href": "http://10.8.99.233:8774/v2.1/", "rel": "self"}], "min_version":
        "2.1", "version": "2.12", "id": "v2.1"}]}'
    http_version: 
  recorded_at: Tue, 27 Mar 2018 18:44:02 GMT
- request:
    method: post
    uri: http://11.22.33.44:5000/v2.0/tokens
    body:
      encoding: UTF-8
      string: '{"auth":{"passwordCredentials":{"username":"admin","password":"password_2WpEraURh"},"tenantName":"EmsRefreshSpec-Project"}}'
    headers:
      User-Agent:
      - fog-core/1.45.0
      Content-Type:
      - application/json
  response:
    status:
      code: 200
      message: OK
    headers:
      Date:
      - Tue, 27 Mar 2018 18:44:02 GMT
      Server:
      - Apache/2.4.6 (Red Hat Enterprise Linux)
      Vary:
      - X-Auth-Token,Accept-Encoding
      X-Openstack-Request-Id:
      - req-2b028679-c37f-43c1-a352-0f4c6b4226b0
      Content-Length:
      - '4117'
      Connection:
      - close
      Content-Type:
      - application/json
    body:
      encoding: ASCII-8BIT
      string: '{"access": {"token": {"issued_at": "2018-03-27T18:44:03.065952", "expires":
        "2018-03-27T19:44:03Z", "id": "e8cb65e27d944599b1518026d89da81d", "tenant":
        {"description": "", "enabled": true, "id": "69f8f7205ade4aa59084c32c83e60b5a",
        "name": "EmsRefreshSpec-Project"}, "audit_ids": ["Teb4i9E8SrqGGGtBOGQKbA"]},
        "serviceCatalog": [{"endpoints": [{"adminURL": "http://10.8.99.233:8774/v2/69f8f7205ade4aa59084c32c83e60b5a",
        "region": "RegionOne", "internalURL": "http://10.8.99.233:8774/v2/69f8f7205ade4aa59084c32c83e60b5a",
        "id": "33f58c6950134a2381bb3668fae5a325", "publicURL": "http://10.8.99.233:8774/v2/69f8f7205ade4aa59084c32c83e60b5a"}],
        "endpoints_links": [], "type": "compute", "name": "nova"}, {"endpoints": [{"adminURL":
        "http://10.8.99.233:9696", "region": "RegionOne", "internalURL": "http://10.8.99.233:9696",
        "id": "5b097055aff24a40aa4cd2d7317c9108", "publicURL": "http://10.8.99.233:9696"}],
        "endpoints_links": [], "type": "network", "name": "neutron"}, {"endpoints":
        [{"adminURL": "http://10.8.99.233:8776/v2/69f8f7205ade4aa59084c32c83e60b5a",
        "region": "RegionOne", "internalURL": "http://10.8.99.233:8776/v2/69f8f7205ade4aa59084c32c83e60b5a",
        "id": "13c4208d548d4bcdaedfe8296b6559ee", "publicURL": "http://10.8.99.233:8776/v2/69f8f7205ade4aa59084c32c83e60b5a"}],
        "endpoints_links": [], "type": "volumev2", "name": "cinderv2"}, {"endpoints":
        [{"adminURL": "http://127.0.0.1:8774/v3", "region": "RegionOne", "internalURL":
        "http://127.0.0.1:8774/v3", "id": "3874f107e1a0461596883a12743dbcc0", "publicURL":
        "http://127.0.0.1:8774/v3"}], "endpoints_links": [], "type": "computev3",
        "name": "novav3"}, {"endpoints": [{"adminURL": "http://10.8.99.233:9292",
        "region": "RegionOne", "internalURL": "http://10.8.99.233:9292", "id": "75fcb24891654062ae1703e6b92f6018",
        "publicURL": "http://10.8.99.233:9292"}], "endpoints_links": [], "type": "image",
        "name": "glance"}, {"endpoints": [{"adminURL": "http://10.8.99.233:8777",
        "region": "RegionOne", "internalURL": "http://10.8.99.233:8777", "id": "2c972a2880d1453aad86104dcda88a55",
        "publicURL": "http://10.8.99.233:8777"}], "endpoints_links": [], "type": "metering",
        "name": "ceilometer"}, {"endpoints": [{"adminURL": "http://10.8.99.233:8776/v1/69f8f7205ade4aa59084c32c83e60b5a",
        "region": "RegionOne", "internalURL": "http://10.8.99.233:8776/v1/69f8f7205ade4aa59084c32c83e60b5a",
        "id": "410c753013fb430c9998f22f68c4cb18", "publicURL": "http://10.8.99.233:8776/v1/69f8f7205ade4aa59084c32c83e60b5a"}],
        "endpoints_links": [], "type": "volume", "name": "cinder"}, {"endpoints":
        [{"adminURL": "http://10.8.99.233:8773/services/Admin", "region": "RegionOne",
        "internalURL": "http://10.8.99.233:8773/services/Cloud", "id": "2833b001aa814ddf9216479d379cdac1",
        "publicURL": "http://10.8.99.233:8773/services/Cloud"}], "endpoints_links":
        [], "type": "ec2", "name": "nova_ec2"}, {"endpoints": [{"adminURL": "http://10.8.99.233:8004/v1/69f8f7205ade4aa59084c32c83e60b5a",
        "region": "RegionOne", "internalURL": "http://10.8.99.233:8004/v1/69f8f7205ade4aa59084c32c83e60b5a",
        "id": "a29a931a5667478c8b3724506a286144", "publicURL": "http://10.8.99.233:8004/v1/69f8f7205ade4aa59084c32c83e60b5a"}],
        "endpoints_links": [], "type": "orchestration", "name": "heat"}, {"endpoints":
        [{"adminURL": "http://10.8.99.233:8080", "region": "RegionOne", "internalURL":
        "http://10.8.99.233:8080/v1/AUTH_69f8f7205ade4aa59084c32c83e60b5a", "id":
        "7a2262abf515414ea08b3beedc87e51e", "publicURL": "http://10.8.99.233:8080/v1/AUTH_69f8f7205ade4aa59084c32c83e60b5a"}],
        "endpoints_links": [], "type": "object-store", "name": "swift"}, {"endpoints":
        [{"adminURL": "http://10.8.99.233:35357/v2.0", "region": "RegionOne", "internalURL":
        "http://10.8.99.233:5000/v2.0", "id": "5d1b7edf24e14ce29abaeee69e84e529",
        "publicURL": "http://10.8.99.233:5000/v2.0"}], "endpoints_links": [], "type":
        "identity", "name": "keystone"}], "user": {"username": "admin", "roles_links":
        [], "id": "80ea157498b44d08aa6d6f54b8a7c3e7", "roles": [{"name": "admin"},
        {"name": "heat_stack_owner"}], "name": "admin"}, "metadata": {"is_admin":
        0, "roles": ["bafabff3f3174e6ab41388bde984e1e5", "725d26e4ae494cc689c60f857e347267"]}}}'
    http_version: 
  recorded_at: Tue, 27 Mar 2018 18:44:03 GMT
- request:
    method: get
    uri: http://10.8.99.233:9696/v2.0/subnets?limit=1000
    body:
      encoding: US-ASCII
      string: ''
    headers:
      User-Agent:
      - fog-core/1.45.0
      Content-Type:
      - application/json
      Accept:
      - application/json
      X-Auth-Token:
      - e8cb65e27d944599b1518026d89da81d
  response:
    status:
      code: 200
      message: OK
    headers:
      Content-Type:
      - application/json; charset=UTF-8
      Content-Length:
      - '8299'
      X-Openstack-Request-Id:
      - req-b791f15e-322a-44e2-bb04-7cbe6db73941
      Date:
      - Tue, 27 Mar 2018 18:44:03 GMT
    body:
      encoding: ASCII-8BIT
      string: '{"subnets": [{"name": "EmsRefreshSpec-SubnetPublic_40", "enable_dhcp":
        false, "network_id": "68259081-a5ca-425f-9d9b-816eb62148a3", "tenant_id":
        "69f8f7205ade4aa59084c32c83e60b5a", "dns_nameservers": [], "gateway_ip": "172.16.21.1",
        "ipv6_ra_mode": null, "allocation_pools": [{"start": "172.16.21.2", "end":
        "172.16.21.254"}], "host_routes": [], "ip_version": 4, "ipv6_address_mode":
        null, "cidr": "172.16.21.0/24", "id": "d0065ae4-dffb-4dcc-9e44-a0b1166337f3",
        "subnetpool_id": null}, {"name": "EmsRefreshSpec-IsolatedSubnetPrivate_2",
        "enable_dhcp": true, "network_id": "6ad8942f-11ef-4419-bdf5-9ba3561b6281",
        "tenant_id": "69f8f7205ade4aa59084c32c83e60b5a", "dns_nameservers": [], "gateway_ip":
        "192.168.50.1", "ipv6_ra_mode": null, "allocation_pools": [{"start": "192.168.50.2",
        "end": "192.168.50.2"}, {"start": "192.168.50.4", "end": "192.168.50.4"}],
        "host_routes": [], "ip_version": 4, "ipv6_address_mode": null, "cidr": "192.168.50.0/24",
        "id": "826fd5a9-7a7a-4c40-a9b1-bd69041bbad4", "subnetpool_id": null}, {"name":
        "EmsRefreshSpec-SubnetPublic", "enable_dhcp": false, "network_id": "20af6027-7aeb-432a-ab3b-d7217faa2f1c",
        "tenant_id": "69f8f7205ade4aa59084c32c83e60b5a", "dns_nameservers": [], "gateway_ip":
        "172.16.17.1", "ipv6_ra_mode": null, "allocation_pools": [{"start": "172.16.17.2",
        "end": "172.16.17.9"}, {"start": "172.16.17.11", "end": "172.16.17.19"}],
        "host_routes": [], "ip_version": 4, "ipv6_address_mode": null, "cidr": "172.16.17.0/24",
        "id": "33da95a6-bded-44d8-be36-6cc97f3d72bd", "subnetpool_id": null}, {"name":
        "EmsRefreshSpec-SubnetPublic_20", "enable_dhcp": false, "network_id": "8da920f8-705d-4777-a938-e081b01ad41c",
        "tenant_id": "69f8f7205ade4aa59084c32c83e60b5a", "dns_nameservers": [], "gateway_ip":
        "172.16.19.1", "ipv6_ra_mode": null, "allocation_pools": [{"start": "172.16.19.21",
        "end": "172.16.19.23"}], "host_routes": [], "ip_version": 4, "ipv6_address_mode":
        null, "cidr": "172.16.19.0/24", "id": "c68ac5c0-9d9e-438b-a10f-6d0faeee0790",
        "subnetpool_id": null}, {"name": "EmsRefreshSpec-SubnetPrivate_20", "enable_dhcp":
        true, "network_id": "9e63fc1a-c0d4-4a1d-b91c-07e6c9c85076", "tenant_id": "69f8f7205ade4aa59084c32c83e60b5a",
        "dns_nameservers": [], "gateway_ip": "192.168.20.1", "ipv6_ra_mode": null,
        "allocation_pools": [{"start": "192.168.20.2", "end": "192.168.20.254"}],
        "host_routes": [], "ip_version": 4, "ipv6_address_mode": null, "cidr": "192.168.20.0/24",
        "id": "2092b802-1034-4fb8-9c5e-1ec61d1e463f", "subnetpool_id": null}, {"name":
        "EmsRefreshSpec-SubnetPrivate_2", "enable_dhcp": true, "network_id": "4fadcfb0-493b-4a00-a2a8-e357f8115d96",
        "tenant_id": "69f8f7205ade4aa59084c32c83e60b5a", "dns_nameservers": [], "gateway_ip":
        "192.168.2.1", "ipv6_ra_mode": null, "allocation_pools": [{"start": "192.168.2.2",
        "end": "192.168.2.254"}], "host_routes": [], "ip_version": 4, "ipv6_address_mode":
        null, "cidr": "192.168.2.0/24", "id": "bb23bb48-804d-4416-bac3-231db23841e8",
        "subnetpool_id": null}, {"name": "EmsRefreshSpec-SubnetPublic_51", "enable_dhcp":
        false, "network_id": "6b46d522-85a1-4ce2-a276-2fab7cde0946", "tenant_id":
        "69f8f7205ade4aa59084c32c83e60b5a", "dns_nameservers": [], "gateway_ip": "172.16.51.1",
        "ipv6_ra_mode": null, "allocation_pools": [{"start": "172.16.51.2", "end":
        "172.16.51.254"}], "host_routes": [], "ip_version": 4, "ipv6_address_mode":
        null, "cidr": "172.16.51.0/24", "id": "68682f0f-b0e4-4f6d-9f96-d1dfb6a6c2b2",
        "subnetpool_id": null}, {"name": "EmsRefreshSpec-SubnetPublic_10", "enable_dhcp":
        false, "network_id": "83e63648-5a43-4db0-907c-cf9ca0150336", "tenant_id":
        "69f8f7205ade4aa59084c32c83e60b5a", "dns_nameservers": [], "gateway_ip": "172.16.18.1",
        "ipv6_ra_mode": null, "allocation_pools": [{"start": "172.16.18.2", "end":
        "172.16.18.254"}], "host_routes": [], "ip_version": 4, "ipv6_address_mode":
        null, "cidr": "172.16.18.0/24", "id": "93c2f53c-df39-491e-b45b-ce8b36b29437",
        "subnetpool_id": null}, {"name": "EmsRefreshSpec-SubnetPublic_30", "enable_dhcp":
        false, "network_id": "64bf0546-b600-4bd7-a519-9353bde2e235", "tenant_id":
        "69f8f7205ade4aa59084c32c83e60b5a", "dns_nameservers": [], "gateway_ip": "172.16.20.1",
        "ipv6_ra_mode": null, "allocation_pools": [{"start": "172.16.20.2", "end":
        "172.16.20.254"}], "host_routes": [], "ip_version": 4, "ipv6_address_mode":
        null, "cidr": "172.16.20.0/24", "id": "4d8b0801-addf-4ad4-8f46-e5bffa6a1002",
        "subnetpool_id": null}, {"name": "EmsRefreshSpec-SubnetPrivate_31", "enable_dhcp":
        true, "network_id": "c82b70e9-0847-43e9-9bde-b98b1ae445e9", "tenant_id": "69f8f7205ade4aa59084c32c83e60b5a",
        "dns_nameservers": [], "gateway_ip": "192.168.31.1", "ipv6_ra_mode": null,
        "allocation_pools": [{"start": "192.168.31.2", "end": "192.168.31.254"}],
        "host_routes": [], "ip_version": 4, "ipv6_address_mode": null, "cidr": "192.168.31.0/24",
        "id": "841b5584-f86f-4abd-9bc2-f445b8bc860b", "subnetpool_id": null}, {"name":
        "EmsRefreshSpec-IsolatedSubnetPrivate_1", "enable_dhcp": true, "network_id":
        "560b4210-2b5a-4439-8d24-203e09478f48", "tenant_id": "69f8f7205ade4aa59084c32c83e60b5a",
        "dns_nameservers": [], "gateway_ip": "192.168.40.1", "ipv6_ra_mode": null,
        "allocation_pools": [{"start": "192.168.40.2", "end": "192.168.40.254"}],
        "host_routes": [], "ip_version": 4, "ipv6_address_mode": null, "cidr": "192.168.40.0/24",
        "id": "448a986a-19a9-4684-ab6e-25cbf19ae30d", "subnetpool_id": null}, {"name":
        "EmsRefreshSpec-IsolatedSubnetPrivate_21", "enable_dhcp": true, "network_id":
        "6ad8942f-11ef-4419-bdf5-9ba3561b6281", "tenant_id": "69f8f7205ade4aa59084c32c83e60b5a",
        "dns_nameservers": [], "gateway_ip": "192.168.51.1", "ipv6_ra_mode": null,
        "allocation_pools": [{"start": "192.168.51.2", "end": "192.168.51.254"}],
        "host_routes": [], "ip_version": 4, "ipv6_address_mode": null, "cidr": "192.168.51.0/24",
        "id": "edfcb49b-e917-4897-b8ae-859ef3dae2de", "subnetpool_id": null}, {"name":
        "EmsRefreshSpec-SubnetPrivate_3", "enable_dhcp": true, "network_id": "1c785619-a768-4788-b3b5-ac39ebc2cea1",
        "tenant_id": "69f8f7205ade4aa59084c32c83e60b5a", "dns_nameservers": [], "gateway_ip":
        "192.168.3.1", "ipv6_ra_mode": null, "allocation_pools": [{"start": "192.168.3.2",
        "end": "192.168.3.6"}, {"start": "192.168.3.8", "end": "192.168.3.10"}], "host_routes":
        [], "ip_version": 4, "ipv6_address_mode": null, "cidr": "192.168.3.0/24",
        "id": "82ca5926-43cb-4312-a23f-727d5c0f5bae", "subnetpool_id": null}, {"name":
        "EmsRefreshSpec-SubnetPrivate_30", "enable_dhcp": true, "network_id": "c82b70e9-0847-43e9-9bde-b98b1ae445e9",
        "tenant_id": "69f8f7205ade4aa59084c32c83e60b5a", "dns_nameservers": [], "gateway_ip":
        "192.168.30.1", "ipv6_ra_mode": null, "allocation_pools": [{"start": "192.168.30.2",
        "end": "192.168.30.254"}], "host_routes": [], "ip_version": 4, "ipv6_address_mode":
        null, "cidr": "192.168.30.0/24", "id": "39628ee0-d5ff-4a88-ae66-80442e5feefd",
        "subnetpool_id": null}, {"name": "EmsRefreshSpec-SubnetPublic_50", "enable_dhcp":
        false, "network_id": "6b46d522-85a1-4ce2-a276-2fab7cde0946", "tenant_id":
        "69f8f7205ade4aa59084c32c83e60b5a", "dns_nameservers": [], "gateway_ip": "172.16.50.1",
        "ipv6_ra_mode": null, "allocation_pools": [{"start": "172.16.50.2", "end":
        "172.16.50.254"}], "host_routes": [], "ip_version": 4, "ipv6_address_mode":
        null, "cidr": "172.16.50.0/24", "id": "d71653c5-34d2-47bd-9cd2-d93330a34d44",
        "subnetpool_id": null}, {"name": "EmsRefreshSpec-SubnetPrivate_12", "enable_dhcp":
        true, "network_id": "c0e8e42b-005e-4183-8f25-fa91b3e441c1", "tenant_id": "69f8f7205ade4aa59084c32c83e60b5a",
        "dns_nameservers": ["8.8.8.8"], "gateway_ip": "192.168.1.1", "ipv6_ra_mode":
        null, "allocation_pools": [{"start": "192.168.1.2", "end": "192.168.1.254"}],
        "host_routes": [], "ip_version": 4, "ipv6_address_mode": null, "cidr": "192.168.1.0/24",
        "id": "d53802a5-f0f6-48ba-9207-dbd9b13acac3", "subnetpool_id": null}, {"name":
        "EmsRefreshSpec-SubnetPrivate", "enable_dhcp": true, "network_id": "c0e8e42b-005e-4183-8f25-fa91b3e441c1",
        "tenant_id": "69f8f7205ade4aa59084c32c83e60b5a", "dns_nameservers": ["8.8.8.8"],
        "gateway_ip": "192.168.0.1", "ipv6_ra_mode": null, "allocation_pools": [{"start":
        "192.168.0.3", "end": "192.168.0.5"}, {"start": "192.168.0.8", "end": "192.168.0.8"}],
        "host_routes": [], "ip_version": 4, "ipv6_address_mode": null, "cidr": "192.168.0.0/24",
        "id": "104c081f-97dd-42b7-8930-98abbd015c74", "subnetpool_id": null}]}'
    http_version: 
  recorded_at: Tue, 27 Mar 2018 18:44:03 GMT
- request:
    method: get
    uri: http://10.8.99.233:9696/v2.0/subnets?limit=1000&marker=104c081f-97dd-42b7-8930-98abbd015c74
    body:
      encoding: US-ASCII
      string: ''
    headers:
      User-Agent:
      - fog-core/1.45.0
      Content-Type:
      - application/json
      Accept:
      - application/json
      X-Auth-Token:
      - e8cb65e27d944599b1518026d89da81d
  response:
    status:
      code: 200
      message: OK
    headers:
      Content-Type:
      - application/json; charset=UTF-8
      Content-Length:
      - '8299'
      X-Openstack-Request-Id:
      - req-208a5840-8949-49a4-a0f7-387632c5ce8f
      Date:
      - Tue, 27 Mar 2018 18:44:04 GMT
    body:
      encoding: ASCII-8BIT
      string: '{"subnets": [{"name": "EmsRefreshSpec-SubnetPublic", "enable_dhcp":
        false, "network_id": "20af6027-7aeb-432a-ab3b-d7217faa2f1c", "tenant_id":
        "69f8f7205ade4aa59084c32c83e60b5a", "dns_nameservers": [], "gateway_ip": "172.16.17.1",
        "ipv6_ra_mode": null, "allocation_pools": [{"start": "172.16.17.2", "end":
        "172.16.17.9"}, {"start": "172.16.17.11", "end": "172.16.17.19"}], "host_routes":
        [], "ip_version": 4, "ipv6_address_mode": null, "cidr": "172.16.17.0/24",
        "id": "33da95a6-bded-44d8-be36-6cc97f3d72bd", "subnetpool_id": null}, {"name":
        "EmsRefreshSpec-SubnetPublic_20", "enable_dhcp": false, "network_id": "8da920f8-705d-4777-a938-e081b01ad41c",
        "tenant_id": "69f8f7205ade4aa59084c32c83e60b5a", "dns_nameservers": [], "gateway_ip":
        "172.16.19.1", "ipv6_ra_mode": null, "allocation_pools": [{"start": "172.16.19.21",
        "end": "172.16.19.23"}], "host_routes": [], "ip_version": 4, "ipv6_address_mode":
        null, "cidr": "172.16.19.0/24", "id": "c68ac5c0-9d9e-438b-a10f-6d0faeee0790",
        "subnetpool_id": null}, {"name": "EmsRefreshSpec-IsolatedSubnetPrivate_2",
        "enable_dhcp": true, "network_id": "6ad8942f-11ef-4419-bdf5-9ba3561b6281",
        "tenant_id": "69f8f7205ade4aa59084c32c83e60b5a", "dns_nameservers": [], "gateway_ip":
        "192.168.50.1", "ipv6_ra_mode": null, "allocation_pools": [{"start": "192.168.50.4",
        "end": "192.168.50.4"}, {"start": "192.168.50.2", "end": "192.168.50.2"}],
        "host_routes": [], "ip_version": 4, "ipv6_address_mode": null, "cidr": "192.168.50.0/24",
        "id": "826fd5a9-7a7a-4c40-a9b1-bd69041bbad4", "subnetpool_id": null}, {"name":
        "EmsRefreshSpec-SubnetPrivate_20", "enable_dhcp": true, "network_id": "9e63fc1a-c0d4-4a1d-b91c-07e6c9c85076",
        "tenant_id": "69f8f7205ade4aa59084c32c83e60b5a", "dns_nameservers": [], "gateway_ip":
        "192.168.20.1", "ipv6_ra_mode": null, "allocation_pools": [{"start": "192.168.20.2",
        "end": "192.168.20.254"}], "host_routes": [], "ip_version": 4, "ipv6_address_mode":
        null, "cidr": "192.168.20.0/24", "id": "2092b802-1034-4fb8-9c5e-1ec61d1e463f",
        "subnetpool_id": null}, {"name": "EmsRefreshSpec-SubnetPrivate_2", "enable_dhcp":
        true, "network_id": "4fadcfb0-493b-4a00-a2a8-e357f8115d96", "tenant_id": "69f8f7205ade4aa59084c32c83e60b5a",
        "dns_nameservers": [], "gateway_ip": "192.168.2.1", "ipv6_ra_mode": null,
        "allocation_pools": [{"start": "192.168.2.2", "end": "192.168.2.254"}], "host_routes":
        [], "ip_version": 4, "ipv6_address_mode": null, "cidr": "192.168.2.0/24",
        "id": "bb23bb48-804d-4416-bac3-231db23841e8", "subnetpool_id": null}, {"name":
        "EmsRefreshSpec-SubnetPublic_51", "enable_dhcp": false, "network_id": "6b46d522-85a1-4ce2-a276-2fab7cde0946",
        "tenant_id": "69f8f7205ade4aa59084c32c83e60b5a", "dns_nameservers": [], "gateway_ip":
        "172.16.51.1", "ipv6_ra_mode": null, "allocation_pools": [{"start": "172.16.51.2",
        "end": "172.16.51.254"}], "host_routes": [], "ip_version": 4, "ipv6_address_mode":
        null, "cidr": "172.16.51.0/24", "id": "68682f0f-b0e4-4f6d-9f96-d1dfb6a6c2b2",
        "subnetpool_id": null}, {"name": "EmsRefreshSpec-SubnetPublic_10", "enable_dhcp":
        false, "network_id": "83e63648-5a43-4db0-907c-cf9ca0150336", "tenant_id":
        "69f8f7205ade4aa59084c32c83e60b5a", "dns_nameservers": [], "gateway_ip": "172.16.18.1",
        "ipv6_ra_mode": null, "allocation_pools": [{"start": "172.16.18.2", "end":
        "172.16.18.254"}], "host_routes": [], "ip_version": 4, "ipv6_address_mode":
        null, "cidr": "172.16.18.0/24", "id": "93c2f53c-df39-491e-b45b-ce8b36b29437",
        "subnetpool_id": null}, {"name": "EmsRefreshSpec-SubnetPublic_30", "enable_dhcp":
        false, "network_id": "64bf0546-b600-4bd7-a519-9353bde2e235", "tenant_id":
        "69f8f7205ade4aa59084c32c83e60b5a", "dns_nameservers": [], "gateway_ip": "172.16.20.1",
        "ipv6_ra_mode": null, "allocation_pools": [{"start": "172.16.20.2", "end":
        "172.16.20.254"}], "host_routes": [], "ip_version": 4, "ipv6_address_mode":
        null, "cidr": "172.16.20.0/24", "id": "4d8b0801-addf-4ad4-8f46-e5bffa6a1002",
        "subnetpool_id": null}, {"name": "EmsRefreshSpec-SubnetPrivate_31", "enable_dhcp":
        true, "network_id": "c82b70e9-0847-43e9-9bde-b98b1ae445e9", "tenant_id": "69f8f7205ade4aa59084c32c83e60b5a",
        "dns_nameservers": [], "gateway_ip": "192.168.31.1", "ipv6_ra_mode": null,
        "allocation_pools": [{"start": "192.168.31.2", "end": "192.168.31.254"}],
        "host_routes": [], "ip_version": 4, "ipv6_address_mode": null, "cidr": "192.168.31.0/24",
        "id": "841b5584-f86f-4abd-9bc2-f445b8bc860b", "subnetpool_id": null}, {"name":
        "EmsRefreshSpec-IsolatedSubnetPrivate_1", "enable_dhcp": true, "network_id":
        "560b4210-2b5a-4439-8d24-203e09478f48", "tenant_id": "69f8f7205ade4aa59084c32c83e60b5a",
        "dns_nameservers": [], "gateway_ip": "192.168.40.1", "ipv6_ra_mode": null,
        "allocation_pools": [{"start": "192.168.40.2", "end": "192.168.40.254"}],
        "host_routes": [], "ip_version": 4, "ipv6_address_mode": null, "cidr": "192.168.40.0/24",
        "id": "448a986a-19a9-4684-ab6e-25cbf19ae30d", "subnetpool_id": null}, {"name":
        "EmsRefreshSpec-IsolatedSubnetPrivate_21", "enable_dhcp": true, "network_id":
        "6ad8942f-11ef-4419-bdf5-9ba3561b6281", "tenant_id": "69f8f7205ade4aa59084c32c83e60b5a",
        "dns_nameservers": [], "gateway_ip": "192.168.51.1", "ipv6_ra_mode": null,
        "allocation_pools": [{"start": "192.168.51.2", "end": "192.168.51.254"}],
        "host_routes": [], "ip_version": 4, "ipv6_address_mode": null, "cidr": "192.168.51.0/24",
        "id": "edfcb49b-e917-4897-b8ae-859ef3dae2de", "subnetpool_id": null}, {"name":
        "EmsRefreshSpec-SubnetPrivate_3", "enable_dhcp": true, "network_id": "1c785619-a768-4788-b3b5-ac39ebc2cea1",
        "tenant_id": "69f8f7205ade4aa59084c32c83e60b5a", "dns_nameservers": [], "gateway_ip":
        "192.168.3.1", "ipv6_ra_mode": null, "allocation_pools": [{"start": "192.168.3.2",
        "end": "192.168.3.6"}, {"start": "192.168.3.8", "end": "192.168.3.10"}], "host_routes":
        [], "ip_version": 4, "ipv6_address_mode": null, "cidr": "192.168.3.0/24",
        "id": "82ca5926-43cb-4312-a23f-727d5c0f5bae", "subnetpool_id": null}, {"name":
        "EmsRefreshSpec-SubnetPrivate_30", "enable_dhcp": true, "network_id": "c82b70e9-0847-43e9-9bde-b98b1ae445e9",
        "tenant_id": "69f8f7205ade4aa59084c32c83e60b5a", "dns_nameservers": [], "gateway_ip":
        "192.168.30.1", "ipv6_ra_mode": null, "allocation_pools": [{"start": "192.168.30.2",
        "end": "192.168.30.254"}], "host_routes": [], "ip_version": 4, "ipv6_address_mode":
        null, "cidr": "192.168.30.0/24", "id": "39628ee0-d5ff-4a88-ae66-80442e5feefd",
        "subnetpool_id": null}, {"name": "EmsRefreshSpec-SubnetPublic_50", "enable_dhcp":
        false, "network_id": "6b46d522-85a1-4ce2-a276-2fab7cde0946", "tenant_id":
        "69f8f7205ade4aa59084c32c83e60b5a", "dns_nameservers": [], "gateway_ip": "172.16.50.1",
        "ipv6_ra_mode": null, "allocation_pools": [{"start": "172.16.50.2", "end":
        "172.16.50.254"}], "host_routes": [], "ip_version": 4, "ipv6_address_mode":
        null, "cidr": "172.16.50.0/24", "id": "d71653c5-34d2-47bd-9cd2-d93330a34d44",
        "subnetpool_id": null}, {"name": "EmsRefreshSpec-SubnetPublic_40", "enable_dhcp":
        false, "network_id": "68259081-a5ca-425f-9d9b-816eb62148a3", "tenant_id":
        "69f8f7205ade4aa59084c32c83e60b5a", "dns_nameservers": [], "gateway_ip": "172.16.21.1",
        "ipv6_ra_mode": null, "allocation_pools": [{"start": "172.16.21.2", "end":
        "172.16.21.254"}], "host_routes": [], "ip_version": 4, "ipv6_address_mode":
        null, "cidr": "172.16.21.0/24", "id": "d0065ae4-dffb-4dcc-9e44-a0b1166337f3",
        "subnetpool_id": null}, {"name": "EmsRefreshSpec-SubnetPrivate_12", "enable_dhcp":
        true, "network_id": "c0e8e42b-005e-4183-8f25-fa91b3e441c1", "tenant_id": "69f8f7205ade4aa59084c32c83e60b5a",
        "dns_nameservers": ["8.8.8.8"], "gateway_ip": "192.168.1.1", "ipv6_ra_mode":
        null, "allocation_pools": [{"start": "192.168.1.2", "end": "192.168.1.254"}],
        "host_routes": [], "ip_version": 4, "ipv6_address_mode": null, "cidr": "192.168.1.0/24",
        "id": "d53802a5-f0f6-48ba-9207-dbd9b13acac3", "subnetpool_id": null}, {"name":
        "EmsRefreshSpec-SubnetPrivate", "enable_dhcp": true, "network_id": "c0e8e42b-005e-4183-8f25-fa91b3e441c1",
        "tenant_id": "69f8f7205ade4aa59084c32c83e60b5a", "dns_nameservers": ["8.8.8.8"],
        "gateway_ip": "192.168.0.1", "ipv6_ra_mode": null, "allocation_pools": [{"start":
        "192.168.0.3", "end": "192.168.0.5"}, {"start": "192.168.0.8", "end": "192.168.0.8"}],
        "host_routes": [], "ip_version": 4, "ipv6_address_mode": null, "cidr": "192.168.0.0/24",
        "id": "104c081f-97dd-42b7-8930-98abbd015c74", "subnetpool_id": null}]}'
    http_version: 
  recorded_at: Tue, 27 Mar 2018 18:44:04 GMT
- request:
    method: post
    uri: http://11.22.33.44:5000/v2.0/tokens
    body:
      encoding: UTF-8
      string: '{"auth":{"passwordCredentials":{"username":"admin","password":"password_2WpEraURh"},"tenantName":"EmsRefreshSpec-Project-No-Admin-Role"}}'
    headers:
      User-Agent:
      - fog-core/1.45.0
      Content-Type:
      - application/json
  response:
    status:
      code: 200
      message: OK
    headers:
      Date:
      - Tue, 27 Mar 2018 18:44:04 GMT
      Server:
      - Apache/2.4.6 (Red Hat Enterprise Linux)
      Vary:
      - X-Auth-Token,Accept-Encoding
      X-Openstack-Request-Id:
      - req-93f86d2f-da31-4699-afb8-6b5cfddb332c
      Content-Length:
      - '4131'
      Connection:
      - close
      Content-Type:
      - application/json
    body:
      encoding: ASCII-8BIT
      string: '{"access": {"token": {"issued_at": "2018-03-27T18:44:04.827906", "expires":
        "2018-03-27T19:44:04Z", "id": "417507e074524f94afc7165909e71608", "tenant":
        {"description": "", "enabled": true, "id": "b458a5c25c3749758f4c0661940b3ba8",
        "name": "EmsRefreshSpec-Project-No-Admin-Role"}, "audit_ids": ["b__Y3f-8TD-sMSJ2i07OKw"]},
        "serviceCatalog": [{"endpoints": [{"adminURL": "http://10.8.99.233:8774/v2/b458a5c25c3749758f4c0661940b3ba8",
        "region": "RegionOne", "internalURL": "http://10.8.99.233:8774/v2/b458a5c25c3749758f4c0661940b3ba8",
        "id": "33f58c6950134a2381bb3668fae5a325", "publicURL": "http://10.8.99.233:8774/v2/b458a5c25c3749758f4c0661940b3ba8"}],
        "endpoints_links": [], "type": "compute", "name": "nova"}, {"endpoints": [{"adminURL":
        "http://10.8.99.233:9696", "region": "RegionOne", "internalURL": "http://10.8.99.233:9696",
        "id": "5b097055aff24a40aa4cd2d7317c9108", "publicURL": "http://10.8.99.233:9696"}],
        "endpoints_links": [], "type": "network", "name": "neutron"}, {"endpoints":
        [{"adminURL": "http://10.8.99.233:8776/v2/b458a5c25c3749758f4c0661940b3ba8",
        "region": "RegionOne", "internalURL": "http://10.8.99.233:8776/v2/b458a5c25c3749758f4c0661940b3ba8",
        "id": "13c4208d548d4bcdaedfe8296b6559ee", "publicURL": "http://10.8.99.233:8776/v2/b458a5c25c3749758f4c0661940b3ba8"}],
        "endpoints_links": [], "type": "volumev2", "name": "cinderv2"}, {"endpoints":
        [{"adminURL": "http://127.0.0.1:8774/v3", "region": "RegionOne", "internalURL":
        "http://127.0.0.1:8774/v3", "id": "3874f107e1a0461596883a12743dbcc0", "publicURL":
        "http://127.0.0.1:8774/v3"}], "endpoints_links": [], "type": "computev3",
        "name": "novav3"}, {"endpoints": [{"adminURL": "http://10.8.99.233:9292",
        "region": "RegionOne", "internalURL": "http://10.8.99.233:9292", "id": "75fcb24891654062ae1703e6b92f6018",
        "publicURL": "http://10.8.99.233:9292"}], "endpoints_links": [], "type": "image",
        "name": "glance"}, {"endpoints": [{"adminURL": "http://10.8.99.233:8777",
        "region": "RegionOne", "internalURL": "http://10.8.99.233:8777", "id": "2c972a2880d1453aad86104dcda88a55",
        "publicURL": "http://10.8.99.233:8777"}], "endpoints_links": [], "type": "metering",
        "name": "ceilometer"}, {"endpoints": [{"adminURL": "http://10.8.99.233:8776/v1/b458a5c25c3749758f4c0661940b3ba8",
        "region": "RegionOne", "internalURL": "http://10.8.99.233:8776/v1/b458a5c25c3749758f4c0661940b3ba8",
        "id": "410c753013fb430c9998f22f68c4cb18", "publicURL": "http://10.8.99.233:8776/v1/b458a5c25c3749758f4c0661940b3ba8"}],
        "endpoints_links": [], "type": "volume", "name": "cinder"}, {"endpoints":
        [{"adminURL": "http://10.8.99.233:8773/services/Admin", "region": "RegionOne",
        "internalURL": "http://10.8.99.233:8773/services/Cloud", "id": "2833b001aa814ddf9216479d379cdac1",
        "publicURL": "http://10.8.99.233:8773/services/Cloud"}], "endpoints_links":
        [], "type": "ec2", "name": "nova_ec2"}, {"endpoints": [{"adminURL": "http://10.8.99.233:8004/v1/b458a5c25c3749758f4c0661940b3ba8",
        "region": "RegionOne", "internalURL": "http://10.8.99.233:8004/v1/b458a5c25c3749758f4c0661940b3ba8",
        "id": "a29a931a5667478c8b3724506a286144", "publicURL": "http://10.8.99.233:8004/v1/b458a5c25c3749758f4c0661940b3ba8"}],
        "endpoints_links": [], "type": "orchestration", "name": "heat"}, {"endpoints":
        [{"adminURL": "http://10.8.99.233:8080", "region": "RegionOne", "internalURL":
        "http://10.8.99.233:8080/v1/AUTH_b458a5c25c3749758f4c0661940b3ba8", "id":
        "7a2262abf515414ea08b3beedc87e51e", "publicURL": "http://10.8.99.233:8080/v1/AUTH_b458a5c25c3749758f4c0661940b3ba8"}],
        "endpoints_links": [], "type": "object-store", "name": "swift"}, {"endpoints":
        [{"adminURL": "http://10.8.99.233:35357/v2.0", "region": "RegionOne", "internalURL":
        "http://10.8.99.233:5000/v2.0", "id": "5d1b7edf24e14ce29abaeee69e84e529",
        "publicURL": "http://10.8.99.233:5000/v2.0"}], "endpoints_links": [], "type":
        "identity", "name": "keystone"}], "user": {"username": "admin", "roles_links":
        [], "id": "80ea157498b44d08aa6d6f54b8a7c3e7", "roles": [{"name": "admin"},
        {"name": "heat_stack_owner"}], "name": "admin"}, "metadata": {"is_admin":
        0, "roles": ["bafabff3f3174e6ab41388bde984e1e5", "725d26e4ae494cc689c60f857e347267"]}}}'
    http_version: 
  recorded_at: Tue, 27 Mar 2018 18:44:04 GMT
- request:
    method: get
    uri: http://10.8.99.233:9696/v2.0/subnets?limit=1000
    body:
      encoding: US-ASCII
      string: ''
    headers:
      User-Agent:
      - fog-core/1.45.0
      Content-Type:
      - application/json
      Accept:
      - application/json
      X-Auth-Token:
      - 417507e074524f94afc7165909e71608
  response:
    status:
      code: 200
      message: OK
    headers:
      Content-Type:
      - application/json; charset=UTF-8
      Content-Length:
      - '8299'
      X-Openstack-Request-Id:
      - req-9e97345f-6257-448b-9be4-a79457d77ed4
      Date:
      - Tue, 27 Mar 2018 18:44:05 GMT
    body:
      encoding: ASCII-8BIT
      string: '{"subnets": [{"name": "EmsRefreshSpec-SubnetPublic_40", "enable_dhcp":
        false, "network_id": "68259081-a5ca-425f-9d9b-816eb62148a3", "tenant_id":
        "69f8f7205ade4aa59084c32c83e60b5a", "dns_nameservers": [], "gateway_ip": "172.16.21.1",
        "ipv6_ra_mode": null, "allocation_pools": [{"start": "172.16.21.2", "end":
        "172.16.21.254"}], "host_routes": [], "ip_version": 4, "ipv6_address_mode":
        null, "cidr": "172.16.21.0/24", "id": "d0065ae4-dffb-4dcc-9e44-a0b1166337f3",
        "subnetpool_id": null}, {"name": "EmsRefreshSpec-IsolatedSubnetPrivate_2",
        "enable_dhcp": true, "network_id": "6ad8942f-11ef-4419-bdf5-9ba3561b6281",
        "tenant_id": "69f8f7205ade4aa59084c32c83e60b5a", "dns_nameservers": [], "gateway_ip":
        "192.168.50.1", "ipv6_ra_mode": null, "allocation_pools": [{"start": "192.168.50.2",
        "end": "192.168.50.2"}, {"start": "192.168.50.4", "end": "192.168.50.4"}],
        "host_routes": [], "ip_version": 4, "ipv6_address_mode": null, "cidr": "192.168.50.0/24",
        "id": "826fd5a9-7a7a-4c40-a9b1-bd69041bbad4", "subnetpool_id": null}, {"name":
        "EmsRefreshSpec-SubnetPublic", "enable_dhcp": false, "network_id": "20af6027-7aeb-432a-ab3b-d7217faa2f1c",
        "tenant_id": "69f8f7205ade4aa59084c32c83e60b5a", "dns_nameservers": [], "gateway_ip":
        "172.16.17.1", "ipv6_ra_mode": null, "allocation_pools": [{"start": "172.16.17.2",
        "end": "172.16.17.9"}, {"start": "172.16.17.11", "end": "172.16.17.19"}],
        "host_routes": [], "ip_version": 4, "ipv6_address_mode": null, "cidr": "172.16.17.0/24",
        "id": "33da95a6-bded-44d8-be36-6cc97f3d72bd", "subnetpool_id": null}, {"name":
        "EmsRefreshSpec-SubnetPublic_20", "enable_dhcp": false, "network_id": "8da920f8-705d-4777-a938-e081b01ad41c",
        "tenant_id": "69f8f7205ade4aa59084c32c83e60b5a", "dns_nameservers": [], "gateway_ip":
        "172.16.19.1", "ipv6_ra_mode": null, "allocation_pools": [{"start": "172.16.19.21",
        "end": "172.16.19.23"}], "host_routes": [], "ip_version": 4, "ipv6_address_mode":
        null, "cidr": "172.16.19.0/24", "id": "c68ac5c0-9d9e-438b-a10f-6d0faeee0790",
        "subnetpool_id": null}, {"name": "EmsRefreshSpec-SubnetPrivate_20", "enable_dhcp":
        true, "network_id": "9e63fc1a-c0d4-4a1d-b91c-07e6c9c85076", "tenant_id": "69f8f7205ade4aa59084c32c83e60b5a",
        "dns_nameservers": [], "gateway_ip": "192.168.20.1", "ipv6_ra_mode": null,
        "allocation_pools": [{"start": "192.168.20.2", "end": "192.168.20.254"}],
        "host_routes": [], "ip_version": 4, "ipv6_address_mode": null, "cidr": "192.168.20.0/24",
        "id": "2092b802-1034-4fb8-9c5e-1ec61d1e463f", "subnetpool_id": null}, {"name":
        "EmsRefreshSpec-SubnetPrivate_2", "enable_dhcp": true, "network_id": "4fadcfb0-493b-4a00-a2a8-e357f8115d96",
        "tenant_id": "69f8f7205ade4aa59084c32c83e60b5a", "dns_nameservers": [], "gateway_ip":
        "192.168.2.1", "ipv6_ra_mode": null, "allocation_pools": [{"start": "192.168.2.2",
        "end": "192.168.2.254"}], "host_routes": [], "ip_version": 4, "ipv6_address_mode":
        null, "cidr": "192.168.2.0/24", "id": "bb23bb48-804d-4416-bac3-231db23841e8",
        "subnetpool_id": null}, {"name": "EmsRefreshSpec-SubnetPublic_51", "enable_dhcp":
        false, "network_id": "6b46d522-85a1-4ce2-a276-2fab7cde0946", "tenant_id":
        "69f8f7205ade4aa59084c32c83e60b5a", "dns_nameservers": [], "gateway_ip": "172.16.51.1",
        "ipv6_ra_mode": null, "allocation_pools": [{"start": "172.16.51.2", "end":
        "172.16.51.254"}], "host_routes": [], "ip_version": 4, "ipv6_address_mode":
        null, "cidr": "172.16.51.0/24", "id": "68682f0f-b0e4-4f6d-9f96-d1dfb6a6c2b2",
        "subnetpool_id": null}, {"name": "EmsRefreshSpec-SubnetPublic_10", "enable_dhcp":
        false, "network_id": "83e63648-5a43-4db0-907c-cf9ca0150336", "tenant_id":
        "69f8f7205ade4aa59084c32c83e60b5a", "dns_nameservers": [], "gateway_ip": "172.16.18.1",
        "ipv6_ra_mode": null, "allocation_pools": [{"start": "172.16.18.2", "end":
        "172.16.18.254"}], "host_routes": [], "ip_version": 4, "ipv6_address_mode":
        null, "cidr": "172.16.18.0/24", "id": "93c2f53c-df39-491e-b45b-ce8b36b29437",
        "subnetpool_id": null}, {"name": "EmsRefreshSpec-SubnetPublic_30", "enable_dhcp":
        false, "network_id": "64bf0546-b600-4bd7-a519-9353bde2e235", "tenant_id":
        "69f8f7205ade4aa59084c32c83e60b5a", "dns_nameservers": [], "gateway_ip": "172.16.20.1",
        "ipv6_ra_mode": null, "allocation_pools": [{"start": "172.16.20.2", "end":
        "172.16.20.254"}], "host_routes": [], "ip_version": 4, "ipv6_address_mode":
        null, "cidr": "172.16.20.0/24", "id": "4d8b0801-addf-4ad4-8f46-e5bffa6a1002",
        "subnetpool_id": null}, {"name": "EmsRefreshSpec-SubnetPrivate_31", "enable_dhcp":
        true, "network_id": "c82b70e9-0847-43e9-9bde-b98b1ae445e9", "tenant_id": "69f8f7205ade4aa59084c32c83e60b5a",
        "dns_nameservers": [], "gateway_ip": "192.168.31.1", "ipv6_ra_mode": null,
        "allocation_pools": [{"start": "192.168.31.2", "end": "192.168.31.254"}],
        "host_routes": [], "ip_version": 4, "ipv6_address_mode": null, "cidr": "192.168.31.0/24",
        "id": "841b5584-f86f-4abd-9bc2-f445b8bc860b", "subnetpool_id": null}, {"name":
        "EmsRefreshSpec-IsolatedSubnetPrivate_1", "enable_dhcp": true, "network_id":
        "560b4210-2b5a-4439-8d24-203e09478f48", "tenant_id": "69f8f7205ade4aa59084c32c83e60b5a",
        "dns_nameservers": [], "gateway_ip": "192.168.40.1", "ipv6_ra_mode": null,
        "allocation_pools": [{"start": "192.168.40.2", "end": "192.168.40.254"}],
        "host_routes": [], "ip_version": 4, "ipv6_address_mode": null, "cidr": "192.168.40.0/24",
        "id": "448a986a-19a9-4684-ab6e-25cbf19ae30d", "subnetpool_id": null}, {"name":
        "EmsRefreshSpec-IsolatedSubnetPrivate_21", "enable_dhcp": true, "network_id":
        "6ad8942f-11ef-4419-bdf5-9ba3561b6281", "tenant_id": "69f8f7205ade4aa59084c32c83e60b5a",
        "dns_nameservers": [], "gateway_ip": "192.168.51.1", "ipv6_ra_mode": null,
        "allocation_pools": [{"start": "192.168.51.2", "end": "192.168.51.254"}],
        "host_routes": [], "ip_version": 4, "ipv6_address_mode": null, "cidr": "192.168.51.0/24",
        "id": "edfcb49b-e917-4897-b8ae-859ef3dae2de", "subnetpool_id": null}, {"name":
        "EmsRefreshSpec-SubnetPrivate_3", "enable_dhcp": true, "network_id": "1c785619-a768-4788-b3b5-ac39ebc2cea1",
        "tenant_id": "69f8f7205ade4aa59084c32c83e60b5a", "dns_nameservers": [], "gateway_ip":
        "192.168.3.1", "ipv6_ra_mode": null, "allocation_pools": [{"start": "192.168.3.2",
        "end": "192.168.3.6"}, {"start": "192.168.3.8", "end": "192.168.3.10"}], "host_routes":
        [], "ip_version": 4, "ipv6_address_mode": null, "cidr": "192.168.3.0/24",
        "id": "82ca5926-43cb-4312-a23f-727d5c0f5bae", "subnetpool_id": null}, {"name":
        "EmsRefreshSpec-SubnetPrivate_30", "enable_dhcp": true, "network_id": "c82b70e9-0847-43e9-9bde-b98b1ae445e9",
        "tenant_id": "69f8f7205ade4aa59084c32c83e60b5a", "dns_nameservers": [], "gateway_ip":
        "192.168.30.1", "ipv6_ra_mode": null, "allocation_pools": [{"start": "192.168.30.2",
        "end": "192.168.30.254"}], "host_routes": [], "ip_version": 4, "ipv6_address_mode":
        null, "cidr": "192.168.30.0/24", "id": "39628ee0-d5ff-4a88-ae66-80442e5feefd",
        "subnetpool_id": null}, {"name": "EmsRefreshSpec-SubnetPublic_50", "enable_dhcp":
        false, "network_id": "6b46d522-85a1-4ce2-a276-2fab7cde0946", "tenant_id":
        "69f8f7205ade4aa59084c32c83e60b5a", "dns_nameservers": [], "gateway_ip": "172.16.50.1",
        "ipv6_ra_mode": null, "allocation_pools": [{"start": "172.16.50.2", "end":
        "172.16.50.254"}], "host_routes": [], "ip_version": 4, "ipv6_address_mode":
        null, "cidr": "172.16.50.0/24", "id": "d71653c5-34d2-47bd-9cd2-d93330a34d44",
        "subnetpool_id": null}, {"name": "EmsRefreshSpec-SubnetPrivate_12", "enable_dhcp":
        true, "network_id": "c0e8e42b-005e-4183-8f25-fa91b3e441c1", "tenant_id": "69f8f7205ade4aa59084c32c83e60b5a",
        "dns_nameservers": ["8.8.8.8"], "gateway_ip": "192.168.1.1", "ipv6_ra_mode":
        null, "allocation_pools": [{"start": "192.168.1.2", "end": "192.168.1.254"}],
        "host_routes": [], "ip_version": 4, "ipv6_address_mode": null, "cidr": "192.168.1.0/24",
        "id": "d53802a5-f0f6-48ba-9207-dbd9b13acac3", "subnetpool_id": null}, {"name":
        "EmsRefreshSpec-SubnetPrivate", "enable_dhcp": true, "network_id": "c0e8e42b-005e-4183-8f25-fa91b3e441c1",
        "tenant_id": "69f8f7205ade4aa59084c32c83e60b5a", "dns_nameservers": ["8.8.8.8"],
        "gateway_ip": "192.168.0.1", "ipv6_ra_mode": null, "allocation_pools": [{"start":
        "192.168.0.3", "end": "192.168.0.5"}, {"start": "192.168.0.8", "end": "192.168.0.8"}],
        "host_routes": [], "ip_version": 4, "ipv6_address_mode": null, "cidr": "192.168.0.0/24",
        "id": "104c081f-97dd-42b7-8930-98abbd015c74", "subnetpool_id": null}]}'
    http_version: 
  recorded_at: Tue, 27 Mar 2018 18:44:05 GMT
- request:
    method: get
    uri: http://10.8.99.233:9696/v2.0/subnets?limit=1000&marker=104c081f-97dd-42b7-8930-98abbd015c74
    body:
      encoding: US-ASCII
      string: ''
    headers:
      User-Agent:
      - fog-core/1.45.0
      Content-Type:
      - application/json
      Accept:
      - application/json
      X-Auth-Token:
      - 417507e074524f94afc7165909e71608
  response:
    status:
      code: 200
      message: OK
    headers:
      Content-Type:
      - application/json; charset=UTF-8
      Content-Length:
      - '8299'
      X-Openstack-Request-Id:
      - req-f2779de9-d216-4b5d-a479-99d640d9ce86
      Date:
      - Tue, 27 Mar 2018 18:44:05 GMT
    body:
      encoding: ASCII-8BIT
      string: '{"subnets": [{"name": "EmsRefreshSpec-SubnetPublic", "enable_dhcp":
        false, "network_id": "20af6027-7aeb-432a-ab3b-d7217faa2f1c", "tenant_id":
        "69f8f7205ade4aa59084c32c83e60b5a", "dns_nameservers": [], "gateway_ip": "172.16.17.1",
        "ipv6_ra_mode": null, "allocation_pools": [{"start": "172.16.17.2", "end":
        "172.16.17.9"}, {"start": "172.16.17.11", "end": "172.16.17.19"}], "host_routes":
        [], "ip_version": 4, "ipv6_address_mode": null, "cidr": "172.16.17.0/24",
        "id": "33da95a6-bded-44d8-be36-6cc97f3d72bd", "subnetpool_id": null}, {"name":
        "EmsRefreshSpec-SubnetPublic_20", "enable_dhcp": false, "network_id": "8da920f8-705d-4777-a938-e081b01ad41c",
        "tenant_id": "69f8f7205ade4aa59084c32c83e60b5a", "dns_nameservers": [], "gateway_ip":
        "172.16.19.1", "ipv6_ra_mode": null, "allocation_pools": [{"start": "172.16.19.21",
        "end": "172.16.19.23"}], "host_routes": [], "ip_version": 4, "ipv6_address_mode":
        null, "cidr": "172.16.19.0/24", "id": "c68ac5c0-9d9e-438b-a10f-6d0faeee0790",
        "subnetpool_id": null}, {"name": "EmsRefreshSpec-IsolatedSubnetPrivate_2",
        "enable_dhcp": true, "network_id": "6ad8942f-11ef-4419-bdf5-9ba3561b6281",
        "tenant_id": "69f8f7205ade4aa59084c32c83e60b5a", "dns_nameservers": [], "gateway_ip":
        "192.168.50.1", "ipv6_ra_mode": null, "allocation_pools": [{"start": "192.168.50.4",
        "end": "192.168.50.4"}, {"start": "192.168.50.2", "end": "192.168.50.2"}],
        "host_routes": [], "ip_version": 4, "ipv6_address_mode": null, "cidr": "192.168.50.0/24",
        "id": "826fd5a9-7a7a-4c40-a9b1-bd69041bbad4", "subnetpool_id": null}, {"name":
        "EmsRefreshSpec-SubnetPrivate_20", "enable_dhcp": true, "network_id": "9e63fc1a-c0d4-4a1d-b91c-07e6c9c85076",
        "tenant_id": "69f8f7205ade4aa59084c32c83e60b5a", "dns_nameservers": [], "gateway_ip":
        "192.168.20.1", "ipv6_ra_mode": null, "allocation_pools": [{"start": "192.168.20.2",
        "end": "192.168.20.254"}], "host_routes": [], "ip_version": 4, "ipv6_address_mode":
        null, "cidr": "192.168.20.0/24", "id": "2092b802-1034-4fb8-9c5e-1ec61d1e463f",
        "subnetpool_id": null}, {"name": "EmsRefreshSpec-SubnetPrivate_2", "enable_dhcp":
        true, "network_id": "4fadcfb0-493b-4a00-a2a8-e357f8115d96", "tenant_id": "69f8f7205ade4aa59084c32c83e60b5a",
        "dns_nameservers": [], "gateway_ip": "192.168.2.1", "ipv6_ra_mode": null,
        "allocation_pools": [{"start": "192.168.2.2", "end": "192.168.2.254"}], "host_routes":
        [], "ip_version": 4, "ipv6_address_mode": null, "cidr": "192.168.2.0/24",
        "id": "bb23bb48-804d-4416-bac3-231db23841e8", "subnetpool_id": null}, {"name":
        "EmsRefreshSpec-SubnetPublic_51", "enable_dhcp": false, "network_id": "6b46d522-85a1-4ce2-a276-2fab7cde0946",
        "tenant_id": "69f8f7205ade4aa59084c32c83e60b5a", "dns_nameservers": [], "gateway_ip":
        "172.16.51.1", "ipv6_ra_mode": null, "allocation_pools": [{"start": "172.16.51.2",
        "end": "172.16.51.254"}], "host_routes": [], "ip_version": 4, "ipv6_address_mode":
        null, "cidr": "172.16.51.0/24", "id": "68682f0f-b0e4-4f6d-9f96-d1dfb6a6c2b2",
        "subnetpool_id": null}, {"name": "EmsRefreshSpec-SubnetPublic_10", "enable_dhcp":
        false, "network_id": "83e63648-5a43-4db0-907c-cf9ca0150336", "tenant_id":
        "69f8f7205ade4aa59084c32c83e60b5a", "dns_nameservers": [], "gateway_ip": "172.16.18.1",
        "ipv6_ra_mode": null, "allocation_pools": [{"start": "172.16.18.2", "end":
        "172.16.18.254"}], "host_routes": [], "ip_version": 4, "ipv6_address_mode":
        null, "cidr": "172.16.18.0/24", "id": "93c2f53c-df39-491e-b45b-ce8b36b29437",
        "subnetpool_id": null}, {"name": "EmsRefreshSpec-SubnetPublic_30", "enable_dhcp":
        false, "network_id": "64bf0546-b600-4bd7-a519-9353bde2e235", "tenant_id":
        "69f8f7205ade4aa59084c32c83e60b5a", "dns_nameservers": [], "gateway_ip": "172.16.20.1",
        "ipv6_ra_mode": null, "allocation_pools": [{"start": "172.16.20.2", "end":
        "172.16.20.254"}], "host_routes": [], "ip_version": 4, "ipv6_address_mode":
        null, "cidr": "172.16.20.0/24", "id": "4d8b0801-addf-4ad4-8f46-e5bffa6a1002",
        "subnetpool_id": null}, {"name": "EmsRefreshSpec-SubnetPrivate_31", "enable_dhcp":
        true, "network_id": "c82b70e9-0847-43e9-9bde-b98b1ae445e9", "tenant_id": "69f8f7205ade4aa59084c32c83e60b5a",
        "dns_nameservers": [], "gateway_ip": "192.168.31.1", "ipv6_ra_mode": null,
        "allocation_pools": [{"start": "192.168.31.2", "end": "192.168.31.254"}],
        "host_routes": [], "ip_version": 4, "ipv6_address_mode": null, "cidr": "192.168.31.0/24",
        "id": "841b5584-f86f-4abd-9bc2-f445b8bc860b", "subnetpool_id": null}, {"name":
        "EmsRefreshSpec-IsolatedSubnetPrivate_1", "enable_dhcp": true, "network_id":
        "560b4210-2b5a-4439-8d24-203e09478f48", "tenant_id": "69f8f7205ade4aa59084c32c83e60b5a",
        "dns_nameservers": [], "gateway_ip": "192.168.40.1", "ipv6_ra_mode": null,
        "allocation_pools": [{"start": "192.168.40.2", "end": "192.168.40.254"}],
        "host_routes": [], "ip_version": 4, "ipv6_address_mode": null, "cidr": "192.168.40.0/24",
        "id": "448a986a-19a9-4684-ab6e-25cbf19ae30d", "subnetpool_id": null}, {"name":
        "EmsRefreshSpec-IsolatedSubnetPrivate_21", "enable_dhcp": true, "network_id":
        "6ad8942f-11ef-4419-bdf5-9ba3561b6281", "tenant_id": "69f8f7205ade4aa59084c32c83e60b5a",
        "dns_nameservers": [], "gateway_ip": "192.168.51.1", "ipv6_ra_mode": null,
        "allocation_pools": [{"start": "192.168.51.2", "end": "192.168.51.254"}],
        "host_routes": [], "ip_version": 4, "ipv6_address_mode": null, "cidr": "192.168.51.0/24",
        "id": "edfcb49b-e917-4897-b8ae-859ef3dae2de", "subnetpool_id": null}, {"name":
        "EmsRefreshSpec-SubnetPrivate_3", "enable_dhcp": true, "network_id": "1c785619-a768-4788-b3b5-ac39ebc2cea1",
        "tenant_id": "69f8f7205ade4aa59084c32c83e60b5a", "dns_nameservers": [], "gateway_ip":
        "192.168.3.1", "ipv6_ra_mode": null, "allocation_pools": [{"start": "192.168.3.2",
        "end": "192.168.3.6"}, {"start": "192.168.3.8", "end": "192.168.3.10"}], "host_routes":
        [], "ip_version": 4, "ipv6_address_mode": null, "cidr": "192.168.3.0/24",
        "id": "82ca5926-43cb-4312-a23f-727d5c0f5bae", "subnetpool_id": null}, {"name":
        "EmsRefreshSpec-SubnetPrivate_30", "enable_dhcp": true, "network_id": "c82b70e9-0847-43e9-9bde-b98b1ae445e9",
        "tenant_id": "69f8f7205ade4aa59084c32c83e60b5a", "dns_nameservers": [], "gateway_ip":
        "192.168.30.1", "ipv6_ra_mode": null, "allocation_pools": [{"start": "192.168.30.2",
        "end": "192.168.30.254"}], "host_routes": [], "ip_version": 4, "ipv6_address_mode":
        null, "cidr": "192.168.30.0/24", "id": "39628ee0-d5ff-4a88-ae66-80442e5feefd",
        "subnetpool_id": null}, {"name": "EmsRefreshSpec-SubnetPublic_50", "enable_dhcp":
        false, "network_id": "6b46d522-85a1-4ce2-a276-2fab7cde0946", "tenant_id":
        "69f8f7205ade4aa59084c32c83e60b5a", "dns_nameservers": [], "gateway_ip": "172.16.50.1",
        "ipv6_ra_mode": null, "allocation_pools": [{"start": "172.16.50.2", "end":
        "172.16.50.254"}], "host_routes": [], "ip_version": 4, "ipv6_address_mode":
        null, "cidr": "172.16.50.0/24", "id": "d71653c5-34d2-47bd-9cd2-d93330a34d44",
        "subnetpool_id": null}, {"name": "EmsRefreshSpec-SubnetPublic_40", "enable_dhcp":
        false, "network_id": "68259081-a5ca-425f-9d9b-816eb62148a3", "tenant_id":
        "69f8f7205ade4aa59084c32c83e60b5a", "dns_nameservers": [], "gateway_ip": "172.16.21.1",
        "ipv6_ra_mode": null, "allocation_pools": [{"start": "172.16.21.2", "end":
        "172.16.21.254"}], "host_routes": [], "ip_version": 4, "ipv6_address_mode":
        null, "cidr": "172.16.21.0/24", "id": "d0065ae4-dffb-4dcc-9e44-a0b1166337f3",
        "subnetpool_id": null}, {"name": "EmsRefreshSpec-SubnetPrivate_12", "enable_dhcp":
        true, "network_id": "c0e8e42b-005e-4183-8f25-fa91b3e441c1", "tenant_id": "69f8f7205ade4aa59084c32c83e60b5a",
        "dns_nameservers": ["8.8.8.8"], "gateway_ip": "192.168.1.1", "ipv6_ra_mode":
        null, "allocation_pools": [{"start": "192.168.1.2", "end": "192.168.1.254"}],
        "host_routes": [], "ip_version": 4, "ipv6_address_mode": null, "cidr": "192.168.1.0/24",
        "id": "d53802a5-f0f6-48ba-9207-dbd9b13acac3", "subnetpool_id": null}, {"name":
        "EmsRefreshSpec-SubnetPrivate", "enable_dhcp": true, "network_id": "c0e8e42b-005e-4183-8f25-fa91b3e441c1",
        "tenant_id": "69f8f7205ade4aa59084c32c83e60b5a", "dns_nameservers": ["8.8.8.8"],
        "gateway_ip": "192.168.0.1", "ipv6_ra_mode": null, "allocation_pools": [{"start":
        "192.168.0.3", "end": "192.168.0.5"}, {"start": "192.168.0.8", "end": "192.168.0.8"}],
        "host_routes": [], "ip_version": 4, "ipv6_address_mode": null, "cidr": "192.168.0.0/24",
        "id": "104c081f-97dd-42b7-8930-98abbd015c74", "subnetpool_id": null}]}'
    http_version: 
  recorded_at: Tue, 27 Mar 2018 18:44:05 GMT
- request:
    method: get
    uri: http://10.8.99.233:9696/v2.0/subnets?limit=1000
    body:
      encoding: US-ASCII
      string: ''
    headers:
      User-Agent:
      - fog-core/1.45.0
      Content-Type:
      - application/json
      Accept:
      - application/json
      X-Auth-Token:
      - 9ff1ed61cfdd442eb07202ee586a0808
  response:
    status:
      code: 200
      message: OK
    headers:
      Content-Type:
      - application/json; charset=UTF-8
      Content-Length:
      - '8299'
      X-Openstack-Request-Id:
      - req-1356813e-ce6a-45f4-b9a0-7a48e2f3bd4f
      Date:
      - Tue, 27 Mar 2018 18:44:06 GMT
    body:
      encoding: ASCII-8BIT
      string: '{"subnets": [{"name": "EmsRefreshSpec-SubnetPublic_40", "enable_dhcp":
        false, "network_id": "68259081-a5ca-425f-9d9b-816eb62148a3", "tenant_id":
        "69f8f7205ade4aa59084c32c83e60b5a", "dns_nameservers": [], "gateway_ip": "172.16.21.1",
        "ipv6_ra_mode": null, "allocation_pools": [{"start": "172.16.21.2", "end":
        "172.16.21.254"}], "host_routes": [], "ip_version": 4, "ipv6_address_mode":
        null, "cidr": "172.16.21.0/24", "id": "d0065ae4-dffb-4dcc-9e44-a0b1166337f3",
        "subnetpool_id": null}, {"name": "EmsRefreshSpec-IsolatedSubnetPrivate_2",
        "enable_dhcp": true, "network_id": "6ad8942f-11ef-4419-bdf5-9ba3561b6281",
        "tenant_id": "69f8f7205ade4aa59084c32c83e60b5a", "dns_nameservers": [], "gateway_ip":
        "192.168.50.1", "ipv6_ra_mode": null, "allocation_pools": [{"start": "192.168.50.2",
        "end": "192.168.50.2"}, {"start": "192.168.50.4", "end": "192.168.50.4"}],
        "host_routes": [], "ip_version": 4, "ipv6_address_mode": null, "cidr": "192.168.50.0/24",
        "id": "826fd5a9-7a7a-4c40-a9b1-bd69041bbad4", "subnetpool_id": null}, {"name":
        "EmsRefreshSpec-SubnetPublic", "enable_dhcp": false, "network_id": "20af6027-7aeb-432a-ab3b-d7217faa2f1c",
        "tenant_id": "69f8f7205ade4aa59084c32c83e60b5a", "dns_nameservers": [], "gateway_ip":
        "172.16.17.1", "ipv6_ra_mode": null, "allocation_pools": [{"start": "172.16.17.2",
        "end": "172.16.17.9"}, {"start": "172.16.17.11", "end": "172.16.17.19"}],
        "host_routes": [], "ip_version": 4, "ipv6_address_mode": null, "cidr": "172.16.17.0/24",
        "id": "33da95a6-bded-44d8-be36-6cc97f3d72bd", "subnetpool_id": null}, {"name":
        "EmsRefreshSpec-SubnetPublic_20", "enable_dhcp": false, "network_id": "8da920f8-705d-4777-a938-e081b01ad41c",
        "tenant_id": "69f8f7205ade4aa59084c32c83e60b5a", "dns_nameservers": [], "gateway_ip":
        "172.16.19.1", "ipv6_ra_mode": null, "allocation_pools": [{"start": "172.16.19.21",
        "end": "172.16.19.23"}], "host_routes": [], "ip_version": 4, "ipv6_address_mode":
        null, "cidr": "172.16.19.0/24", "id": "c68ac5c0-9d9e-438b-a10f-6d0faeee0790",
        "subnetpool_id": null}, {"name": "EmsRefreshSpec-SubnetPrivate_20", "enable_dhcp":
        true, "network_id": "9e63fc1a-c0d4-4a1d-b91c-07e6c9c85076", "tenant_id": "69f8f7205ade4aa59084c32c83e60b5a",
        "dns_nameservers": [], "gateway_ip": "192.168.20.1", "ipv6_ra_mode": null,
        "allocation_pools": [{"start": "192.168.20.2", "end": "192.168.20.254"}],
        "host_routes": [], "ip_version": 4, "ipv6_address_mode": null, "cidr": "192.168.20.0/24",
        "id": "2092b802-1034-4fb8-9c5e-1ec61d1e463f", "subnetpool_id": null}, {"name":
        "EmsRefreshSpec-SubnetPrivate_2", "enable_dhcp": true, "network_id": "4fadcfb0-493b-4a00-a2a8-e357f8115d96",
        "tenant_id": "69f8f7205ade4aa59084c32c83e60b5a", "dns_nameservers": [], "gateway_ip":
        "192.168.2.1", "ipv6_ra_mode": null, "allocation_pools": [{"start": "192.168.2.2",
        "end": "192.168.2.254"}], "host_routes": [], "ip_version": 4, "ipv6_address_mode":
        null, "cidr": "192.168.2.0/24", "id": "bb23bb48-804d-4416-bac3-231db23841e8",
        "subnetpool_id": null}, {"name": "EmsRefreshSpec-SubnetPublic_51", "enable_dhcp":
        false, "network_id": "6b46d522-85a1-4ce2-a276-2fab7cde0946", "tenant_id":
        "69f8f7205ade4aa59084c32c83e60b5a", "dns_nameservers": [], "gateway_ip": "172.16.51.1",
        "ipv6_ra_mode": null, "allocation_pools": [{"start": "172.16.51.2", "end":
        "172.16.51.254"}], "host_routes": [], "ip_version": 4, "ipv6_address_mode":
        null, "cidr": "172.16.51.0/24", "id": "68682f0f-b0e4-4f6d-9f96-d1dfb6a6c2b2",
        "subnetpool_id": null}, {"name": "EmsRefreshSpec-SubnetPublic_10", "enable_dhcp":
        false, "network_id": "83e63648-5a43-4db0-907c-cf9ca0150336", "tenant_id":
        "69f8f7205ade4aa59084c32c83e60b5a", "dns_nameservers": [], "gateway_ip": "172.16.18.1",
        "ipv6_ra_mode": null, "allocation_pools": [{"start": "172.16.18.2", "end":
        "172.16.18.254"}], "host_routes": [], "ip_version": 4, "ipv6_address_mode":
        null, "cidr": "172.16.18.0/24", "id": "93c2f53c-df39-491e-b45b-ce8b36b29437",
        "subnetpool_id": null}, {"name": "EmsRefreshSpec-SubnetPublic_30", "enable_dhcp":
        false, "network_id": "64bf0546-b600-4bd7-a519-9353bde2e235", "tenant_id":
        "69f8f7205ade4aa59084c32c83e60b5a", "dns_nameservers": [], "gateway_ip": "172.16.20.1",
        "ipv6_ra_mode": null, "allocation_pools": [{"start": "172.16.20.2", "end":
        "172.16.20.254"}], "host_routes": [], "ip_version": 4, "ipv6_address_mode":
        null, "cidr": "172.16.20.0/24", "id": "4d8b0801-addf-4ad4-8f46-e5bffa6a1002",
        "subnetpool_id": null}, {"name": "EmsRefreshSpec-SubnetPrivate_31", "enable_dhcp":
        true, "network_id": "c82b70e9-0847-43e9-9bde-b98b1ae445e9", "tenant_id": "69f8f7205ade4aa59084c32c83e60b5a",
        "dns_nameservers": [], "gateway_ip": "192.168.31.1", "ipv6_ra_mode": null,
        "allocation_pools": [{"start": "192.168.31.2", "end": "192.168.31.254"}],
        "host_routes": [], "ip_version": 4, "ipv6_address_mode": null, "cidr": "192.168.31.0/24",
        "id": "841b5584-f86f-4abd-9bc2-f445b8bc860b", "subnetpool_id": null}, {"name":
        "EmsRefreshSpec-IsolatedSubnetPrivate_1", "enable_dhcp": true, "network_id":
        "560b4210-2b5a-4439-8d24-203e09478f48", "tenant_id": "69f8f7205ade4aa59084c32c83e60b5a",
        "dns_nameservers": [], "gateway_ip": "192.168.40.1", "ipv6_ra_mode": null,
        "allocation_pools": [{"start": "192.168.40.2", "end": "192.168.40.254"}],
        "host_routes": [], "ip_version": 4, "ipv6_address_mode": null, "cidr": "192.168.40.0/24",
        "id": "448a986a-19a9-4684-ab6e-25cbf19ae30d", "subnetpool_id": null}, {"name":
        "EmsRefreshSpec-IsolatedSubnetPrivate_21", "enable_dhcp": true, "network_id":
        "6ad8942f-11ef-4419-bdf5-9ba3561b6281", "tenant_id": "69f8f7205ade4aa59084c32c83e60b5a",
        "dns_nameservers": [], "gateway_ip": "192.168.51.1", "ipv6_ra_mode": null,
        "allocation_pools": [{"start": "192.168.51.2", "end": "192.168.51.254"}],
        "host_routes": [], "ip_version": 4, "ipv6_address_mode": null, "cidr": "192.168.51.0/24",
        "id": "edfcb49b-e917-4897-b8ae-859ef3dae2de", "subnetpool_id": null}, {"name":
        "EmsRefreshSpec-SubnetPrivate_3", "enable_dhcp": true, "network_id": "1c785619-a768-4788-b3b5-ac39ebc2cea1",
        "tenant_id": "69f8f7205ade4aa59084c32c83e60b5a", "dns_nameservers": [], "gateway_ip":
        "192.168.3.1", "ipv6_ra_mode": null, "allocation_pools": [{"start": "192.168.3.2",
        "end": "192.168.3.6"}, {"start": "192.168.3.8", "end": "192.168.3.10"}], "host_routes":
        [], "ip_version": 4, "ipv6_address_mode": null, "cidr": "192.168.3.0/24",
        "id": "82ca5926-43cb-4312-a23f-727d5c0f5bae", "subnetpool_id": null}, {"name":
        "EmsRefreshSpec-SubnetPrivate_30", "enable_dhcp": true, "network_id": "c82b70e9-0847-43e9-9bde-b98b1ae445e9",
        "tenant_id": "69f8f7205ade4aa59084c32c83e60b5a", "dns_nameservers": [], "gateway_ip":
        "192.168.30.1", "ipv6_ra_mode": null, "allocation_pools": [{"start": "192.168.30.2",
        "end": "192.168.30.254"}], "host_routes": [], "ip_version": 4, "ipv6_address_mode":
        null, "cidr": "192.168.30.0/24", "id": "39628ee0-d5ff-4a88-ae66-80442e5feefd",
        "subnetpool_id": null}, {"name": "EmsRefreshSpec-SubnetPublic_50", "enable_dhcp":
        false, "network_id": "6b46d522-85a1-4ce2-a276-2fab7cde0946", "tenant_id":
        "69f8f7205ade4aa59084c32c83e60b5a", "dns_nameservers": [], "gateway_ip": "172.16.50.1",
        "ipv6_ra_mode": null, "allocation_pools": [{"start": "172.16.50.2", "end":
        "172.16.50.254"}], "host_routes": [], "ip_version": 4, "ipv6_address_mode":
        null, "cidr": "172.16.50.0/24", "id": "d71653c5-34d2-47bd-9cd2-d93330a34d44",
        "subnetpool_id": null}, {"name": "EmsRefreshSpec-SubnetPrivate_12", "enable_dhcp":
        true, "network_id": "c0e8e42b-005e-4183-8f25-fa91b3e441c1", "tenant_id": "69f8f7205ade4aa59084c32c83e60b5a",
        "dns_nameservers": ["8.8.8.8"], "gateway_ip": "192.168.1.1", "ipv6_ra_mode":
        null, "allocation_pools": [{"start": "192.168.1.2", "end": "192.168.1.254"}],
        "host_routes": [], "ip_version": 4, "ipv6_address_mode": null, "cidr": "192.168.1.0/24",
        "id": "d53802a5-f0f6-48ba-9207-dbd9b13acac3", "subnetpool_id": null}, {"name":
        "EmsRefreshSpec-SubnetPrivate", "enable_dhcp": true, "network_id": "c0e8e42b-005e-4183-8f25-fa91b3e441c1",
        "tenant_id": "69f8f7205ade4aa59084c32c83e60b5a", "dns_nameservers": ["8.8.8.8"],
        "gateway_ip": "192.168.0.1", "ipv6_ra_mode": null, "allocation_pools": [{"start":
        "192.168.0.3", "end": "192.168.0.5"}, {"start": "192.168.0.8", "end": "192.168.0.8"}],
        "host_routes": [], "ip_version": 4, "ipv6_address_mode": null, "cidr": "192.168.0.0/24",
        "id": "104c081f-97dd-42b7-8930-98abbd015c74", "subnetpool_id": null}]}'
    http_version: 
  recorded_at: Tue, 27 Mar 2018 18:44:06 GMT
- request:
    method: get
    uri: http://10.8.99.233:9696/v2.0/subnets?limit=1000&marker=104c081f-97dd-42b7-8930-98abbd015c74
    body:
      encoding: US-ASCII
      string: ''
    headers:
      User-Agent:
      - fog-core/1.45.0
      Content-Type:
      - application/json
      Accept:
      - application/json
      X-Auth-Token:
      - 9ff1ed61cfdd442eb07202ee586a0808
  response:
    status:
      code: 200
      message: OK
    headers:
      Content-Type:
      - application/json; charset=UTF-8
      Content-Length:
      - '8299'
      X-Openstack-Request-Id:
      - req-6f2d2a2f-eabd-4219-bab9-dc76975c913e
      Date:
      - Tue, 27 Mar 2018 18:44:06 GMT
    body:
      encoding: ASCII-8BIT
      string: '{"subnets": [{"name": "EmsRefreshSpec-SubnetPublic_40", "enable_dhcp":
        false, "network_id": "68259081-a5ca-425f-9d9b-816eb62148a3", "tenant_id":
        "69f8f7205ade4aa59084c32c83e60b5a", "dns_nameservers": [], "gateway_ip": "172.16.21.1",
        "ipv6_ra_mode": null, "allocation_pools": [{"start": "172.16.21.2", "end":
        "172.16.21.254"}], "host_routes": [], "ip_version": 4, "ipv6_address_mode":
        null, "cidr": "172.16.21.0/24", "id": "d0065ae4-dffb-4dcc-9e44-a0b1166337f3",
        "subnetpool_id": null}, {"name": "EmsRefreshSpec-IsolatedSubnetPrivate_2",
        "enable_dhcp": true, "network_id": "6ad8942f-11ef-4419-bdf5-9ba3561b6281",
        "tenant_id": "69f8f7205ade4aa59084c32c83e60b5a", "dns_nameservers": [], "gateway_ip":
        "192.168.50.1", "ipv6_ra_mode": null, "allocation_pools": [{"start": "192.168.50.2",
        "end": "192.168.50.2"}, {"start": "192.168.50.4", "end": "192.168.50.4"}],
        "host_routes": [], "ip_version": 4, "ipv6_address_mode": null, "cidr": "192.168.50.0/24",
        "id": "826fd5a9-7a7a-4c40-a9b1-bd69041bbad4", "subnetpool_id": null}, {"name":
        "EmsRefreshSpec-SubnetPublic", "enable_dhcp": false, "network_id": "20af6027-7aeb-432a-ab3b-d7217faa2f1c",
        "tenant_id": "69f8f7205ade4aa59084c32c83e60b5a", "dns_nameservers": [], "gateway_ip":
        "172.16.17.1", "ipv6_ra_mode": null, "allocation_pools": [{"start": "172.16.17.2",
        "end": "172.16.17.9"}, {"start": "172.16.17.11", "end": "172.16.17.19"}],
        "host_routes": [], "ip_version": 4, "ipv6_address_mode": null, "cidr": "172.16.17.0/24",
        "id": "33da95a6-bded-44d8-be36-6cc97f3d72bd", "subnetpool_id": null}, {"name":
        "EmsRefreshSpec-SubnetPublic_20", "enable_dhcp": false, "network_id": "8da920f8-705d-4777-a938-e081b01ad41c",
        "tenant_id": "69f8f7205ade4aa59084c32c83e60b5a", "dns_nameservers": [], "gateway_ip":
        "172.16.19.1", "ipv6_ra_mode": null, "allocation_pools": [{"start": "172.16.19.21",
        "end": "172.16.19.23"}], "host_routes": [], "ip_version": 4, "ipv6_address_mode":
        null, "cidr": "172.16.19.0/24", "id": "c68ac5c0-9d9e-438b-a10f-6d0faeee0790",
        "subnetpool_id": null}, {"name": "EmsRefreshSpec-SubnetPrivate_20", "enable_dhcp":
        true, "network_id": "9e63fc1a-c0d4-4a1d-b91c-07e6c9c85076", "tenant_id": "69f8f7205ade4aa59084c32c83e60b5a",
        "dns_nameservers": [], "gateway_ip": "192.168.20.1", "ipv6_ra_mode": null,
        "allocation_pools": [{"start": "192.168.20.2", "end": "192.168.20.254"}],
        "host_routes": [], "ip_version": 4, "ipv6_address_mode": null, "cidr": "192.168.20.0/24",
        "id": "2092b802-1034-4fb8-9c5e-1ec61d1e463f", "subnetpool_id": null}, {"name":
        "EmsRefreshSpec-SubnetPrivate_2", "enable_dhcp": true, "network_id": "4fadcfb0-493b-4a00-a2a8-e357f8115d96",
        "tenant_id": "69f8f7205ade4aa59084c32c83e60b5a", "dns_nameservers": [], "gateway_ip":
        "192.168.2.1", "ipv6_ra_mode": null, "allocation_pools": [{"start": "192.168.2.2",
        "end": "192.168.2.254"}], "host_routes": [], "ip_version": 4, "ipv6_address_mode":
        null, "cidr": "192.168.2.0/24", "id": "bb23bb48-804d-4416-bac3-231db23841e8",
        "subnetpool_id": null}, {"name": "EmsRefreshSpec-SubnetPublic_51", "enable_dhcp":
        false, "network_id": "6b46d522-85a1-4ce2-a276-2fab7cde0946", "tenant_id":
        "69f8f7205ade4aa59084c32c83e60b5a", "dns_nameservers": [], "gateway_ip": "172.16.51.1",
        "ipv6_ra_mode": null, "allocation_pools": [{"start": "172.16.51.2", "end":
        "172.16.51.254"}], "host_routes": [], "ip_version": 4, "ipv6_address_mode":
        null, "cidr": "172.16.51.0/24", "id": "68682f0f-b0e4-4f6d-9f96-d1dfb6a6c2b2",
        "subnetpool_id": null}, {"name": "EmsRefreshSpec-SubnetPublic_10", "enable_dhcp":
        false, "network_id": "83e63648-5a43-4db0-907c-cf9ca0150336", "tenant_id":
        "69f8f7205ade4aa59084c32c83e60b5a", "dns_nameservers": [], "gateway_ip": "172.16.18.1",
        "ipv6_ra_mode": null, "allocation_pools": [{"start": "172.16.18.2", "end":
        "172.16.18.254"}], "host_routes": [], "ip_version": 4, "ipv6_address_mode":
        null, "cidr": "172.16.18.0/24", "id": "93c2f53c-df39-491e-b45b-ce8b36b29437",
        "subnetpool_id": null}, {"name": "EmsRefreshSpec-SubnetPublic_30", "enable_dhcp":
        false, "network_id": "64bf0546-b600-4bd7-a519-9353bde2e235", "tenant_id":
        "69f8f7205ade4aa59084c32c83e60b5a", "dns_nameservers": [], "gateway_ip": "172.16.20.1",
        "ipv6_ra_mode": null, "allocation_pools": [{"start": "172.16.20.2", "end":
        "172.16.20.254"}], "host_routes": [], "ip_version": 4, "ipv6_address_mode":
        null, "cidr": "172.16.20.0/24", "id": "4d8b0801-addf-4ad4-8f46-e5bffa6a1002",
        "subnetpool_id": null}, {"name": "EmsRefreshSpec-SubnetPrivate_31", "enable_dhcp":
        true, "network_id": "c82b70e9-0847-43e9-9bde-b98b1ae445e9", "tenant_id": "69f8f7205ade4aa59084c32c83e60b5a",
        "dns_nameservers": [], "gateway_ip": "192.168.31.1", "ipv6_ra_mode": null,
        "allocation_pools": [{"start": "192.168.31.2", "end": "192.168.31.254"}],
        "host_routes": [], "ip_version": 4, "ipv6_address_mode": null, "cidr": "192.168.31.0/24",
        "id": "841b5584-f86f-4abd-9bc2-f445b8bc860b", "subnetpool_id": null}, {"name":
        "EmsRefreshSpec-IsolatedSubnetPrivate_1", "enable_dhcp": true, "network_id":
        "560b4210-2b5a-4439-8d24-203e09478f48", "tenant_id": "69f8f7205ade4aa59084c32c83e60b5a",
        "dns_nameservers": [], "gateway_ip": "192.168.40.1", "ipv6_ra_mode": null,
        "allocation_pools": [{"start": "192.168.40.2", "end": "192.168.40.254"}],
        "host_routes": [], "ip_version": 4, "ipv6_address_mode": null, "cidr": "192.168.40.0/24",
        "id": "448a986a-19a9-4684-ab6e-25cbf19ae30d", "subnetpool_id": null}, {"name":
        "EmsRefreshSpec-IsolatedSubnetPrivate_21", "enable_dhcp": true, "network_id":
        "6ad8942f-11ef-4419-bdf5-9ba3561b6281", "tenant_id": "69f8f7205ade4aa59084c32c83e60b5a",
        "dns_nameservers": [], "gateway_ip": "192.168.51.1", "ipv6_ra_mode": null,
        "allocation_pools": [{"start": "192.168.51.2", "end": "192.168.51.254"}],
        "host_routes": [], "ip_version": 4, "ipv6_address_mode": null, "cidr": "192.168.51.0/24",
        "id": "edfcb49b-e917-4897-b8ae-859ef3dae2de", "subnetpool_id": null}, {"name":
        "EmsRefreshSpec-SubnetPrivate_3", "enable_dhcp": true, "network_id": "1c785619-a768-4788-b3b5-ac39ebc2cea1",
        "tenant_id": "69f8f7205ade4aa59084c32c83e60b5a", "dns_nameservers": [], "gateway_ip":
        "192.168.3.1", "ipv6_ra_mode": null, "allocation_pools": [{"start": "192.168.3.2",
        "end": "192.168.3.6"}, {"start": "192.168.3.8", "end": "192.168.3.10"}], "host_routes":
        [], "ip_version": 4, "ipv6_address_mode": null, "cidr": "192.168.3.0/24",
        "id": "82ca5926-43cb-4312-a23f-727d5c0f5bae", "subnetpool_id": null}, {"name":
        "EmsRefreshSpec-SubnetPrivate_30", "enable_dhcp": true, "network_id": "c82b70e9-0847-43e9-9bde-b98b1ae445e9",
        "tenant_id": "69f8f7205ade4aa59084c32c83e60b5a", "dns_nameservers": [], "gateway_ip":
        "192.168.30.1", "ipv6_ra_mode": null, "allocation_pools": [{"start": "192.168.30.2",
        "end": "192.168.30.254"}], "host_routes": [], "ip_version": 4, "ipv6_address_mode":
        null, "cidr": "192.168.30.0/24", "id": "39628ee0-d5ff-4a88-ae66-80442e5feefd",
        "subnetpool_id": null}, {"name": "EmsRefreshSpec-SubnetPublic_50", "enable_dhcp":
        false, "network_id": "6b46d522-85a1-4ce2-a276-2fab7cde0946", "tenant_id":
        "69f8f7205ade4aa59084c32c83e60b5a", "dns_nameservers": [], "gateway_ip": "172.16.50.1",
        "ipv6_ra_mode": null, "allocation_pools": [{"start": "172.16.50.2", "end":
        "172.16.50.254"}], "host_routes": [], "ip_version": 4, "ipv6_address_mode":
        null, "cidr": "172.16.50.0/24", "id": "d71653c5-34d2-47bd-9cd2-d93330a34d44",
        "subnetpool_id": null}, {"name": "EmsRefreshSpec-SubnetPrivate_12", "enable_dhcp":
        true, "network_id": "c0e8e42b-005e-4183-8f25-fa91b3e441c1", "tenant_id": "69f8f7205ade4aa59084c32c83e60b5a",
        "dns_nameservers": ["8.8.8.8"], "gateway_ip": "192.168.1.1", "ipv6_ra_mode":
        null, "allocation_pools": [{"start": "192.168.1.2", "end": "192.168.1.254"}],
        "host_routes": [], "ip_version": 4, "ipv6_address_mode": null, "cidr": "192.168.1.0/24",
        "id": "d53802a5-f0f6-48ba-9207-dbd9b13acac3", "subnetpool_id": null}, {"name":
        "EmsRefreshSpec-SubnetPrivate", "enable_dhcp": true, "network_id": "c0e8e42b-005e-4183-8f25-fa91b3e441c1",
        "tenant_id": "69f8f7205ade4aa59084c32c83e60b5a", "dns_nameservers": ["8.8.8.8"],
        "gateway_ip": "192.168.0.1", "ipv6_ra_mode": null, "allocation_pools": [{"start":
        "192.168.0.3", "end": "192.168.0.5"}, {"start": "192.168.0.8", "end": "192.168.0.8"}],
        "host_routes": [], "ip_version": 4, "ipv6_address_mode": null, "cidr": "192.168.0.0/24",
        "id": "104c081f-97dd-42b7-8930-98abbd015c74", "subnetpool_id": null}]}'
    http_version: 
  recorded_at: Tue, 27 Mar 2018 18:44:06 GMT
- request:
    method: post
    uri: http://11.22.33.44:5000/v2.0/tokens
    body:
      encoding: UTF-8
      string: '{"auth":{"passwordCredentials":{"username":"admin","password":"password_2WpEraURh"},"tenantName":"EmsRefreshSpec-Project2"}}'
    headers:
      User-Agent:
      - fog-core/1.45.0
      Content-Type:
      - application/json
  response:
    status:
      code: 200
      message: OK
    headers:
      Date:
      - Tue, 27 Mar 2018 18:44:07 GMT
      Server:
      - Apache/2.4.6 (Red Hat Enterprise Linux)
      Vary:
      - X-Auth-Token,Accept-Encoding
      X-Openstack-Request-Id:
      - req-91cebb7a-1297-4c5c-b592-278a8409532d
      Content-Length:
      - '4118'
      Connection:
      - close
      Content-Type:
      - application/json
    body:
      encoding: ASCII-8BIT
      string: '{"access": {"token": {"issued_at": "2018-03-27T18:44:07.397291", "expires":
        "2018-03-27T19:44:07Z", "id": "1c6b884c975847ddb5fec96999f86905", "tenant":
        {"description": "", "enabled": true, "id": "e8f744b1fc6a487681d35fb275252608",
        "name": "EmsRefreshSpec-Project2"}, "audit_ids": ["yuSiFvvaSdyV4V0oC20p7g"]},
        "serviceCatalog": [{"endpoints": [{"adminURL": "http://10.8.99.233:8774/v2/e8f744b1fc6a487681d35fb275252608",
        "region": "RegionOne", "internalURL": "http://10.8.99.233:8774/v2/e8f744b1fc6a487681d35fb275252608",
        "id": "33f58c6950134a2381bb3668fae5a325", "publicURL": "http://10.8.99.233:8774/v2/e8f744b1fc6a487681d35fb275252608"}],
        "endpoints_links": [], "type": "compute", "name": "nova"}, {"endpoints": [{"adminURL":
        "http://10.8.99.233:9696", "region": "RegionOne", "internalURL": "http://10.8.99.233:9696",
        "id": "5b097055aff24a40aa4cd2d7317c9108", "publicURL": "http://10.8.99.233:9696"}],
        "endpoints_links": [], "type": "network", "name": "neutron"}, {"endpoints":
        [{"adminURL": "http://10.8.99.233:8776/v2/e8f744b1fc6a487681d35fb275252608",
        "region": "RegionOne", "internalURL": "http://10.8.99.233:8776/v2/e8f744b1fc6a487681d35fb275252608",
        "id": "13c4208d548d4bcdaedfe8296b6559ee", "publicURL": "http://10.8.99.233:8776/v2/e8f744b1fc6a487681d35fb275252608"}],
        "endpoints_links": [], "type": "volumev2", "name": "cinderv2"}, {"endpoints":
        [{"adminURL": "http://127.0.0.1:8774/v3", "region": "RegionOne", "internalURL":
        "http://127.0.0.1:8774/v3", "id": "3874f107e1a0461596883a12743dbcc0", "publicURL":
        "http://127.0.0.1:8774/v3"}], "endpoints_links": [], "type": "computev3",
        "name": "novav3"}, {"endpoints": [{"adminURL": "http://10.8.99.233:9292",
        "region": "RegionOne", "internalURL": "http://10.8.99.233:9292", "id": "75fcb24891654062ae1703e6b92f6018",
        "publicURL": "http://10.8.99.233:9292"}], "endpoints_links": [], "type": "image",
        "name": "glance"}, {"endpoints": [{"adminURL": "http://10.8.99.233:8777",
        "region": "RegionOne", "internalURL": "http://10.8.99.233:8777", "id": "2c972a2880d1453aad86104dcda88a55",
        "publicURL": "http://10.8.99.233:8777"}], "endpoints_links": [], "type": "metering",
        "name": "ceilometer"}, {"endpoints": [{"adminURL": "http://10.8.99.233:8776/v1/e8f744b1fc6a487681d35fb275252608",
        "region": "RegionOne", "internalURL": "http://10.8.99.233:8776/v1/e8f744b1fc6a487681d35fb275252608",
        "id": "410c753013fb430c9998f22f68c4cb18", "publicURL": "http://10.8.99.233:8776/v1/e8f744b1fc6a487681d35fb275252608"}],
        "endpoints_links": [], "type": "volume", "name": "cinder"}, {"endpoints":
        [{"adminURL": "http://10.8.99.233:8773/services/Admin", "region": "RegionOne",
        "internalURL": "http://10.8.99.233:8773/services/Cloud", "id": "2833b001aa814ddf9216479d379cdac1",
        "publicURL": "http://10.8.99.233:8773/services/Cloud"}], "endpoints_links":
        [], "type": "ec2", "name": "nova_ec2"}, {"endpoints": [{"adminURL": "http://10.8.99.233:8004/v1/e8f744b1fc6a487681d35fb275252608",
        "region": "RegionOne", "internalURL": "http://10.8.99.233:8004/v1/e8f744b1fc6a487681d35fb275252608",
        "id": "a29a931a5667478c8b3724506a286144", "publicURL": "http://10.8.99.233:8004/v1/e8f744b1fc6a487681d35fb275252608"}],
        "endpoints_links": [], "type": "orchestration", "name": "heat"}, {"endpoints":
        [{"adminURL": "http://10.8.99.233:8080", "region": "RegionOne", "internalURL":
        "http://10.8.99.233:8080/v1/AUTH_e8f744b1fc6a487681d35fb275252608", "id":
        "7a2262abf515414ea08b3beedc87e51e", "publicURL": "http://10.8.99.233:8080/v1/AUTH_e8f744b1fc6a487681d35fb275252608"}],
        "endpoints_links": [], "type": "object-store", "name": "swift"}, {"endpoints":
        [{"adminURL": "http://10.8.99.233:35357/v2.0", "region": "RegionOne", "internalURL":
        "http://10.8.99.233:5000/v2.0", "id": "5d1b7edf24e14ce29abaeee69e84e529",
        "publicURL": "http://10.8.99.233:5000/v2.0"}], "endpoints_links": [], "type":
        "identity", "name": "keystone"}], "user": {"username": "admin", "roles_links":
        [], "id": "80ea157498b44d08aa6d6f54b8a7c3e7", "roles": [{"name": "admin"},
        {"name": "heat_stack_owner"}], "name": "admin"}, "metadata": {"is_admin":
        0, "roles": ["bafabff3f3174e6ab41388bde984e1e5", "725d26e4ae494cc689c60f857e347267"]}}}'
    http_version: 
  recorded_at: Tue, 27 Mar 2018 18:44:07 GMT
- request:
    method: get
    uri: http://10.8.99.233:9696/v2.0/subnets?limit=1000
    body:
      encoding: US-ASCII
      string: ''
    headers:
      User-Agent:
      - fog-core/1.45.0
      Content-Type:
      - application/json
      Accept:
      - application/json
      X-Auth-Token:
      - 1c6b884c975847ddb5fec96999f86905
  response:
    status:
      code: 200
      message: OK
    headers:
      Content-Type:
      - application/json; charset=UTF-8
      Content-Length:
      - '8299'
      X-Openstack-Request-Id:
      - req-d1604834-0803-44e1-9aa5-56292c887369
      Date:
      - Tue, 27 Mar 2018 18:44:07 GMT
    body:
      encoding: ASCII-8BIT
      string: '{"subnets": [{"name": "EmsRefreshSpec-SubnetPublic_40", "enable_dhcp":
        false, "network_id": "68259081-a5ca-425f-9d9b-816eb62148a3", "tenant_id":
        "69f8f7205ade4aa59084c32c83e60b5a", "dns_nameservers": [], "gateway_ip": "172.16.21.1",
        "ipv6_ra_mode": null, "allocation_pools": [{"start": "172.16.21.2", "end":
        "172.16.21.254"}], "host_routes": [], "ip_version": 4, "ipv6_address_mode":
        null, "cidr": "172.16.21.0/24", "id": "d0065ae4-dffb-4dcc-9e44-a0b1166337f3",
        "subnetpool_id": null}, {"name": "EmsRefreshSpec-IsolatedSubnetPrivate_2",
        "enable_dhcp": true, "network_id": "6ad8942f-11ef-4419-bdf5-9ba3561b6281",
        "tenant_id": "69f8f7205ade4aa59084c32c83e60b5a", "dns_nameservers": [], "gateway_ip":
        "192.168.50.1", "ipv6_ra_mode": null, "allocation_pools": [{"start": "192.168.50.2",
        "end": "192.168.50.2"}, {"start": "192.168.50.4", "end": "192.168.50.4"}],
        "host_routes": [], "ip_version": 4, "ipv6_address_mode": null, "cidr": "192.168.50.0/24",
        "id": "826fd5a9-7a7a-4c40-a9b1-bd69041bbad4", "subnetpool_id": null}, {"name":
        "EmsRefreshSpec-SubnetPublic", "enable_dhcp": false, "network_id": "20af6027-7aeb-432a-ab3b-d7217faa2f1c",
        "tenant_id": "69f8f7205ade4aa59084c32c83e60b5a", "dns_nameservers": [], "gateway_ip":
        "172.16.17.1", "ipv6_ra_mode": null, "allocation_pools": [{"start": "172.16.17.2",
        "end": "172.16.17.9"}, {"start": "172.16.17.11", "end": "172.16.17.19"}],
        "host_routes": [], "ip_version": 4, "ipv6_address_mode": null, "cidr": "172.16.17.0/24",
        "id": "33da95a6-bded-44d8-be36-6cc97f3d72bd", "subnetpool_id": null}, {"name":
        "EmsRefreshSpec-SubnetPublic_20", "enable_dhcp": false, "network_id": "8da920f8-705d-4777-a938-e081b01ad41c",
        "tenant_id": "69f8f7205ade4aa59084c32c83e60b5a", "dns_nameservers": [], "gateway_ip":
        "172.16.19.1", "ipv6_ra_mode": null, "allocation_pools": [{"start": "172.16.19.21",
        "end": "172.16.19.23"}], "host_routes": [], "ip_version": 4, "ipv6_address_mode":
        null, "cidr": "172.16.19.0/24", "id": "c68ac5c0-9d9e-438b-a10f-6d0faeee0790",
        "subnetpool_id": null}, {"name": "EmsRefreshSpec-SubnetPrivate_20", "enable_dhcp":
        true, "network_id": "9e63fc1a-c0d4-4a1d-b91c-07e6c9c85076", "tenant_id": "69f8f7205ade4aa59084c32c83e60b5a",
        "dns_nameservers": [], "gateway_ip": "192.168.20.1", "ipv6_ra_mode": null,
        "allocation_pools": [{"start": "192.168.20.2", "end": "192.168.20.254"}],
        "host_routes": [], "ip_version": 4, "ipv6_address_mode": null, "cidr": "192.168.20.0/24",
        "id": "2092b802-1034-4fb8-9c5e-1ec61d1e463f", "subnetpool_id": null}, {"name":
        "EmsRefreshSpec-SubnetPrivate_2", "enable_dhcp": true, "network_id": "4fadcfb0-493b-4a00-a2a8-e357f8115d96",
        "tenant_id": "69f8f7205ade4aa59084c32c83e60b5a", "dns_nameservers": [], "gateway_ip":
        "192.168.2.1", "ipv6_ra_mode": null, "allocation_pools": [{"start": "192.168.2.2",
        "end": "192.168.2.254"}], "host_routes": [], "ip_version": 4, "ipv6_address_mode":
        null, "cidr": "192.168.2.0/24", "id": "bb23bb48-804d-4416-bac3-231db23841e8",
        "subnetpool_id": null}, {"name": "EmsRefreshSpec-SubnetPublic_51", "enable_dhcp":
        false, "network_id": "6b46d522-85a1-4ce2-a276-2fab7cde0946", "tenant_id":
        "69f8f7205ade4aa59084c32c83e60b5a", "dns_nameservers": [], "gateway_ip": "172.16.51.1",
        "ipv6_ra_mode": null, "allocation_pools": [{"start": "172.16.51.2", "end":
        "172.16.51.254"}], "host_routes": [], "ip_version": 4, "ipv6_address_mode":
        null, "cidr": "172.16.51.0/24", "id": "68682f0f-b0e4-4f6d-9f96-d1dfb6a6c2b2",
        "subnetpool_id": null}, {"name": "EmsRefreshSpec-SubnetPublic_10", "enable_dhcp":
        false, "network_id": "83e63648-5a43-4db0-907c-cf9ca0150336", "tenant_id":
        "69f8f7205ade4aa59084c32c83e60b5a", "dns_nameservers": [], "gateway_ip": "172.16.18.1",
        "ipv6_ra_mode": null, "allocation_pools": [{"start": "172.16.18.2", "end":
        "172.16.18.254"}], "host_routes": [], "ip_version": 4, "ipv6_address_mode":
        null, "cidr": "172.16.18.0/24", "id": "93c2f53c-df39-491e-b45b-ce8b36b29437",
        "subnetpool_id": null}, {"name": "EmsRefreshSpec-SubnetPublic_30", "enable_dhcp":
        false, "network_id": "64bf0546-b600-4bd7-a519-9353bde2e235", "tenant_id":
        "69f8f7205ade4aa59084c32c83e60b5a", "dns_nameservers": [], "gateway_ip": "172.16.20.1",
        "ipv6_ra_mode": null, "allocation_pools": [{"start": "172.16.20.2", "end":
        "172.16.20.254"}], "host_routes": [], "ip_version": 4, "ipv6_address_mode":
        null, "cidr": "172.16.20.0/24", "id": "4d8b0801-addf-4ad4-8f46-e5bffa6a1002",
        "subnetpool_id": null}, {"name": "EmsRefreshSpec-SubnetPrivate_31", "enable_dhcp":
        true, "network_id": "c82b70e9-0847-43e9-9bde-b98b1ae445e9", "tenant_id": "69f8f7205ade4aa59084c32c83e60b5a",
        "dns_nameservers": [], "gateway_ip": "192.168.31.1", "ipv6_ra_mode": null,
        "allocation_pools": [{"start": "192.168.31.2", "end": "192.168.31.254"}],
        "host_routes": [], "ip_version": 4, "ipv6_address_mode": null, "cidr": "192.168.31.0/24",
        "id": "841b5584-f86f-4abd-9bc2-f445b8bc860b", "subnetpool_id": null}, {"name":
        "EmsRefreshSpec-IsolatedSubnetPrivate_1", "enable_dhcp": true, "network_id":
        "560b4210-2b5a-4439-8d24-203e09478f48", "tenant_id": "69f8f7205ade4aa59084c32c83e60b5a",
        "dns_nameservers": [], "gateway_ip": "192.168.40.1", "ipv6_ra_mode": null,
        "allocation_pools": [{"start": "192.168.40.2", "end": "192.168.40.254"}],
        "host_routes": [], "ip_version": 4, "ipv6_address_mode": null, "cidr": "192.168.40.0/24",
        "id": "448a986a-19a9-4684-ab6e-25cbf19ae30d", "subnetpool_id": null}, {"name":
        "EmsRefreshSpec-IsolatedSubnetPrivate_21", "enable_dhcp": true, "network_id":
        "6ad8942f-11ef-4419-bdf5-9ba3561b6281", "tenant_id": "69f8f7205ade4aa59084c32c83e60b5a",
        "dns_nameservers": [], "gateway_ip": "192.168.51.1", "ipv6_ra_mode": null,
        "allocation_pools": [{"start": "192.168.51.2", "end": "192.168.51.254"}],
        "host_routes": [], "ip_version": 4, "ipv6_address_mode": null, "cidr": "192.168.51.0/24",
        "id": "edfcb49b-e917-4897-b8ae-859ef3dae2de", "subnetpool_id": null}, {"name":
        "EmsRefreshSpec-SubnetPrivate_3", "enable_dhcp": true, "network_id": "1c785619-a768-4788-b3b5-ac39ebc2cea1",
        "tenant_id": "69f8f7205ade4aa59084c32c83e60b5a", "dns_nameservers": [], "gateway_ip":
        "192.168.3.1", "ipv6_ra_mode": null, "allocation_pools": [{"start": "192.168.3.2",
        "end": "192.168.3.6"}, {"start": "192.168.3.8", "end": "192.168.3.10"}], "host_routes":
        [], "ip_version": 4, "ipv6_address_mode": null, "cidr": "192.168.3.0/24",
        "id": "82ca5926-43cb-4312-a23f-727d5c0f5bae", "subnetpool_id": null}, {"name":
        "EmsRefreshSpec-SubnetPrivate_30", "enable_dhcp": true, "network_id": "c82b70e9-0847-43e9-9bde-b98b1ae445e9",
        "tenant_id": "69f8f7205ade4aa59084c32c83e60b5a", "dns_nameservers": [], "gateway_ip":
        "192.168.30.1", "ipv6_ra_mode": null, "allocation_pools": [{"start": "192.168.30.2",
        "end": "192.168.30.254"}], "host_routes": [], "ip_version": 4, "ipv6_address_mode":
        null, "cidr": "192.168.30.0/24", "id": "39628ee0-d5ff-4a88-ae66-80442e5feefd",
        "subnetpool_id": null}, {"name": "EmsRefreshSpec-SubnetPublic_50", "enable_dhcp":
        false, "network_id": "6b46d522-85a1-4ce2-a276-2fab7cde0946", "tenant_id":
        "69f8f7205ade4aa59084c32c83e60b5a", "dns_nameservers": [], "gateway_ip": "172.16.50.1",
        "ipv6_ra_mode": null, "allocation_pools": [{"start": "172.16.50.2", "end":
        "172.16.50.254"}], "host_routes": [], "ip_version": 4, "ipv6_address_mode":
        null, "cidr": "172.16.50.0/24", "id": "d71653c5-34d2-47bd-9cd2-d93330a34d44",
        "subnetpool_id": null}, {"name": "EmsRefreshSpec-SubnetPrivate_12", "enable_dhcp":
        true, "network_id": "c0e8e42b-005e-4183-8f25-fa91b3e441c1", "tenant_id": "69f8f7205ade4aa59084c32c83e60b5a",
        "dns_nameservers": ["8.8.8.8"], "gateway_ip": "192.168.1.1", "ipv6_ra_mode":
        null, "allocation_pools": [{"start": "192.168.1.2", "end": "192.168.1.254"}],
        "host_routes": [], "ip_version": 4, "ipv6_address_mode": null, "cidr": "192.168.1.0/24",
        "id": "d53802a5-f0f6-48ba-9207-dbd9b13acac3", "subnetpool_id": null}, {"name":
        "EmsRefreshSpec-SubnetPrivate", "enable_dhcp": true, "network_id": "c0e8e42b-005e-4183-8f25-fa91b3e441c1",
        "tenant_id": "69f8f7205ade4aa59084c32c83e60b5a", "dns_nameservers": ["8.8.8.8"],
        "gateway_ip": "192.168.0.1", "ipv6_ra_mode": null, "allocation_pools": [{"start":
        "192.168.0.3", "end": "192.168.0.5"}, {"start": "192.168.0.8", "end": "192.168.0.8"}],
        "host_routes": [], "ip_version": 4, "ipv6_address_mode": null, "cidr": "192.168.0.0/24",
        "id": "104c081f-97dd-42b7-8930-98abbd015c74", "subnetpool_id": null}]}'
    http_version: 
  recorded_at: Tue, 27 Mar 2018 18:44:08 GMT
- request:
    method: get
    uri: http://10.8.99.233:9696/v2.0/subnets?limit=1000&marker=104c081f-97dd-42b7-8930-98abbd015c74
    body:
      encoding: US-ASCII
      string: ''
    headers:
      User-Agent:
      - fog-core/1.45.0
      Content-Type:
      - application/json
      Accept:
      - application/json
      X-Auth-Token:
      - 1c6b884c975847ddb5fec96999f86905
  response:
    status:
      code: 200
      message: OK
    headers:
      Content-Type:
      - application/json; charset=UTF-8
      Content-Length:
      - '8299'
      X-Openstack-Request-Id:
      - req-f38c00e0-28f5-4127-8405-496820eed8b9
      Date:
      - Tue, 27 Mar 2018 18:44:08 GMT
    body:
      encoding: ASCII-8BIT
      string: '{"subnets": [{"name": "EmsRefreshSpec-SubnetPublic_40", "enable_dhcp":
        false, "network_id": "68259081-a5ca-425f-9d9b-816eb62148a3", "tenant_id":
        "69f8f7205ade4aa59084c32c83e60b5a", "dns_nameservers": [], "gateway_ip": "172.16.21.1",
        "ipv6_ra_mode": null, "allocation_pools": [{"start": "172.16.21.2", "end":
        "172.16.21.254"}], "host_routes": [], "ip_version": 4, "ipv6_address_mode":
        null, "cidr": "172.16.21.0/24", "id": "d0065ae4-dffb-4dcc-9e44-a0b1166337f3",
        "subnetpool_id": null}, {"name": "EmsRefreshSpec-IsolatedSubnetPrivate_2",
        "enable_dhcp": true, "network_id": "6ad8942f-11ef-4419-bdf5-9ba3561b6281",
        "tenant_id": "69f8f7205ade4aa59084c32c83e60b5a", "dns_nameservers": [], "gateway_ip":
        "192.168.50.1", "ipv6_ra_mode": null, "allocation_pools": [{"start": "192.168.50.2",
        "end": "192.168.50.2"}, {"start": "192.168.50.4", "end": "192.168.50.4"}],
        "host_routes": [], "ip_version": 4, "ipv6_address_mode": null, "cidr": "192.168.50.0/24",
        "id": "826fd5a9-7a7a-4c40-a9b1-bd69041bbad4", "subnetpool_id": null}, {"name":
        "EmsRefreshSpec-SubnetPublic", "enable_dhcp": false, "network_id": "20af6027-7aeb-432a-ab3b-d7217faa2f1c",
        "tenant_id": "69f8f7205ade4aa59084c32c83e60b5a", "dns_nameservers": [], "gateway_ip":
        "172.16.17.1", "ipv6_ra_mode": null, "allocation_pools": [{"start": "172.16.17.2",
        "end": "172.16.17.9"}, {"start": "172.16.17.11", "end": "172.16.17.19"}],
        "host_routes": [], "ip_version": 4, "ipv6_address_mode": null, "cidr": "172.16.17.0/24",
        "id": "33da95a6-bded-44d8-be36-6cc97f3d72bd", "subnetpool_id": null}, {"name":
        "EmsRefreshSpec-SubnetPublic_20", "enable_dhcp": false, "network_id": "8da920f8-705d-4777-a938-e081b01ad41c",
        "tenant_id": "69f8f7205ade4aa59084c32c83e60b5a", "dns_nameservers": [], "gateway_ip":
        "172.16.19.1", "ipv6_ra_mode": null, "allocation_pools": [{"start": "172.16.19.21",
        "end": "172.16.19.23"}], "host_routes": [], "ip_version": 4, "ipv6_address_mode":
        null, "cidr": "172.16.19.0/24", "id": "c68ac5c0-9d9e-438b-a10f-6d0faeee0790",
        "subnetpool_id": null}, {"name": "EmsRefreshSpec-SubnetPrivate_20", "enable_dhcp":
        true, "network_id": "9e63fc1a-c0d4-4a1d-b91c-07e6c9c85076", "tenant_id": "69f8f7205ade4aa59084c32c83e60b5a",
        "dns_nameservers": [], "gateway_ip": "192.168.20.1", "ipv6_ra_mode": null,
        "allocation_pools": [{"start": "192.168.20.2", "end": "192.168.20.254"}],
        "host_routes": [], "ip_version": 4, "ipv6_address_mode": null, "cidr": "192.168.20.0/24",
        "id": "2092b802-1034-4fb8-9c5e-1ec61d1e463f", "subnetpool_id": null}, {"name":
        "EmsRefreshSpec-SubnetPrivate_2", "enable_dhcp": true, "network_id": "4fadcfb0-493b-4a00-a2a8-e357f8115d96",
        "tenant_id": "69f8f7205ade4aa59084c32c83e60b5a", "dns_nameservers": [], "gateway_ip":
        "192.168.2.1", "ipv6_ra_mode": null, "allocation_pools": [{"start": "192.168.2.2",
        "end": "192.168.2.254"}], "host_routes": [], "ip_version": 4, "ipv6_address_mode":
        null, "cidr": "192.168.2.0/24", "id": "bb23bb48-804d-4416-bac3-231db23841e8",
        "subnetpool_id": null}, {"name": "EmsRefreshSpec-SubnetPublic_51", "enable_dhcp":
        false, "network_id": "6b46d522-85a1-4ce2-a276-2fab7cde0946", "tenant_id":
        "69f8f7205ade4aa59084c32c83e60b5a", "dns_nameservers": [], "gateway_ip": "172.16.51.1",
        "ipv6_ra_mode": null, "allocation_pools": [{"start": "172.16.51.2", "end":
        "172.16.51.254"}], "host_routes": [], "ip_version": 4, "ipv6_address_mode":
        null, "cidr": "172.16.51.0/24", "id": "68682f0f-b0e4-4f6d-9f96-d1dfb6a6c2b2",
        "subnetpool_id": null}, {"name": "EmsRefreshSpec-SubnetPublic_10", "enable_dhcp":
        false, "network_id": "83e63648-5a43-4db0-907c-cf9ca0150336", "tenant_id":
        "69f8f7205ade4aa59084c32c83e60b5a", "dns_nameservers": [], "gateway_ip": "172.16.18.1",
        "ipv6_ra_mode": null, "allocation_pools": [{"start": "172.16.18.2", "end":
        "172.16.18.254"}], "host_routes": [], "ip_version": 4, "ipv6_address_mode":
        null, "cidr": "172.16.18.0/24", "id": "93c2f53c-df39-491e-b45b-ce8b36b29437",
        "subnetpool_id": null}, {"name": "EmsRefreshSpec-SubnetPublic_30", "enable_dhcp":
        false, "network_id": "64bf0546-b600-4bd7-a519-9353bde2e235", "tenant_id":
        "69f8f7205ade4aa59084c32c83e60b5a", "dns_nameservers": [], "gateway_ip": "172.16.20.1",
        "ipv6_ra_mode": null, "allocation_pools": [{"start": "172.16.20.2", "end":
        "172.16.20.254"}], "host_routes": [], "ip_version": 4, "ipv6_address_mode":
        null, "cidr": "172.16.20.0/24", "id": "4d8b0801-addf-4ad4-8f46-e5bffa6a1002",
        "subnetpool_id": null}, {"name": "EmsRefreshSpec-SubnetPrivate_31", "enable_dhcp":
        true, "network_id": "c82b70e9-0847-43e9-9bde-b98b1ae445e9", "tenant_id": "69f8f7205ade4aa59084c32c83e60b5a",
        "dns_nameservers": [], "gateway_ip": "192.168.31.1", "ipv6_ra_mode": null,
        "allocation_pools": [{"start": "192.168.31.2", "end": "192.168.31.254"}],
        "host_routes": [], "ip_version": 4, "ipv6_address_mode": null, "cidr": "192.168.31.0/24",
        "id": "841b5584-f86f-4abd-9bc2-f445b8bc860b", "subnetpool_id": null}, {"name":
        "EmsRefreshSpec-IsolatedSubnetPrivate_1", "enable_dhcp": true, "network_id":
        "560b4210-2b5a-4439-8d24-203e09478f48", "tenant_id": "69f8f7205ade4aa59084c32c83e60b5a",
        "dns_nameservers": [], "gateway_ip": "192.168.40.1", "ipv6_ra_mode": null,
        "allocation_pools": [{"start": "192.168.40.2", "end": "192.168.40.254"}],
        "host_routes": [], "ip_version": 4, "ipv6_address_mode": null, "cidr": "192.168.40.0/24",
        "id": "448a986a-19a9-4684-ab6e-25cbf19ae30d", "subnetpool_id": null}, {"name":
        "EmsRefreshSpec-IsolatedSubnetPrivate_21", "enable_dhcp": true, "network_id":
        "6ad8942f-11ef-4419-bdf5-9ba3561b6281", "tenant_id": "69f8f7205ade4aa59084c32c83e60b5a",
        "dns_nameservers": [], "gateway_ip": "192.168.51.1", "ipv6_ra_mode": null,
        "allocation_pools": [{"start": "192.168.51.2", "end": "192.168.51.254"}],
        "host_routes": [], "ip_version": 4, "ipv6_address_mode": null, "cidr": "192.168.51.0/24",
        "id": "edfcb49b-e917-4897-b8ae-859ef3dae2de", "subnetpool_id": null}, {"name":
        "EmsRefreshSpec-SubnetPrivate_3", "enable_dhcp": true, "network_id": "1c785619-a768-4788-b3b5-ac39ebc2cea1",
        "tenant_id": "69f8f7205ade4aa59084c32c83e60b5a", "dns_nameservers": [], "gateway_ip":
        "192.168.3.1", "ipv6_ra_mode": null, "allocation_pools": [{"start": "192.168.3.2",
        "end": "192.168.3.6"}, {"start": "192.168.3.8", "end": "192.168.3.10"}], "host_routes":
        [], "ip_version": 4, "ipv6_address_mode": null, "cidr": "192.168.3.0/24",
        "id": "82ca5926-43cb-4312-a23f-727d5c0f5bae", "subnetpool_id": null}, {"name":
        "EmsRefreshSpec-SubnetPrivate_30", "enable_dhcp": true, "network_id": "c82b70e9-0847-43e9-9bde-b98b1ae445e9",
        "tenant_id": "69f8f7205ade4aa59084c32c83e60b5a", "dns_nameservers": [], "gateway_ip":
        "192.168.30.1", "ipv6_ra_mode": null, "allocation_pools": [{"start": "192.168.30.2",
        "end": "192.168.30.254"}], "host_routes": [], "ip_version": 4, "ipv6_address_mode":
        null, "cidr": "192.168.30.0/24", "id": "39628ee0-d5ff-4a88-ae66-80442e5feefd",
        "subnetpool_id": null}, {"name": "EmsRefreshSpec-SubnetPublic_50", "enable_dhcp":
        false, "network_id": "6b46d522-85a1-4ce2-a276-2fab7cde0946", "tenant_id":
        "69f8f7205ade4aa59084c32c83e60b5a", "dns_nameservers": [], "gateway_ip": "172.16.50.1",
        "ipv6_ra_mode": null, "allocation_pools": [{"start": "172.16.50.2", "end":
        "172.16.50.254"}], "host_routes": [], "ip_version": 4, "ipv6_address_mode":
        null, "cidr": "172.16.50.0/24", "id": "d71653c5-34d2-47bd-9cd2-d93330a34d44",
        "subnetpool_id": null}, {"name": "EmsRefreshSpec-SubnetPrivate_12", "enable_dhcp":
        true, "network_id": "c0e8e42b-005e-4183-8f25-fa91b3e441c1", "tenant_id": "69f8f7205ade4aa59084c32c83e60b5a",
        "dns_nameservers": ["8.8.8.8"], "gateway_ip": "192.168.1.1", "ipv6_ra_mode":
        null, "allocation_pools": [{"start": "192.168.1.2", "end": "192.168.1.254"}],
        "host_routes": [], "ip_version": 4, "ipv6_address_mode": null, "cidr": "192.168.1.0/24",
        "id": "d53802a5-f0f6-48ba-9207-dbd9b13acac3", "subnetpool_id": null}, {"name":
        "EmsRefreshSpec-SubnetPrivate", "enable_dhcp": true, "network_id": "c0e8e42b-005e-4183-8f25-fa91b3e441c1",
        "tenant_id": "69f8f7205ade4aa59084c32c83e60b5a", "dns_nameservers": ["8.8.8.8"],
        "gateway_ip": "192.168.0.1", "ipv6_ra_mode": null, "allocation_pools": [{"start":
        "192.168.0.3", "end": "192.168.0.5"}, {"start": "192.168.0.8", "end": "192.168.0.8"}],
        "host_routes": [], "ip_version": 4, "ipv6_address_mode": null, "cidr": "192.168.0.0/24",
        "id": "104c081f-97dd-42b7-8930-98abbd015c74", "subnetpool_id": null}]}'
    http_version: 
  recorded_at: Tue, 27 Mar 2018 18:44:08 GMT
recorded_with: VCR 3.0.3
